../Core/Src/LCD_Driver.c:34:6:LCD_GPIO_Init	56	static
../Core/Src/LCD_Driver.c:117:6:LTCD_Layer_Init	72	static
../Core/Src/LCD_Driver.c:144:6:clearScreen	8	static
../Core/Src/LCD_Driver.c:149:6:LTCD__Init	8	static
../Core/Src/LCD_Driver.c:208:6:LCD_Draw_Pixel	16	static
../Core/Src/LCD_Driver.c:218:6:LCD_Draw_Circle_Fill	32	static
../Core/Src/LCD_Driver.c:232:6:LCD_Draw_Vertical_Line	32	static
../Core/Src/LCD_Driver.c:240:6:LCD_Clear	24	static
../Core/Src/LCD_Driver.c:251:6:LCD_SetTextColor	16	static
../Core/Src/LCD_Driver.c:257:6:LCD_SetFont	16	static
../Core/Src/LCD_Driver.c:263:6:LCD_Draw_Char	24	static
../Core/Src/LCD_Driver.c:281:6:LCD_DisplayChar	16	static
../Core/Src/LCD_Driver.c:287:6:LCD_DrawMenuScreen	8	static
../Core/Src/LCD_Driver.c:313:6:LCD_DrawGameBoard	24	static
../Core/Src/LCD_Driver.c:331:6:LCD_ClearFloatingBand	16	static
../Core/Src/LCD_Driver.c:339:6:draw_elapsed_time	48	static
../Core/Src/LCD_Driver.c:359:6:LCD_DrawGameOverScreen	48	static
../Core/Src/LCD_Driver.c:437:6:LCD_DrawFloatingCoin	24	static
../Core/Src/LCD_Driver.c:448:6:LCD_Error_Handler	4	static,ignoring_inline_asm
../Core/Src/LCD_Driver.c:463:6:InitializeLCDTouch	8	static
../Core/Src/LCD_Driver.c:471:18:returnTouchStateAndLocation	16	static
../Core/Src/LCD_Driver.c:476:6:DetermineTouchPosition	16	static
../Core/Src/LCD_Driver.c:481:9:ReadRegisterFromTouchModule	16	static
../Core/Src/LCD_Driver.c:486:6:WriteDataToTouchModule	16	static
