../Core/Src/LCD_Driver.c:34:6:LCD_GPIO_Init	56	static
../Core/Src/LCD_Driver.c:117:6:LTCD_Layer_Init	72	static
../Core/Src/LCD_Driver.c:144:6:clearScreen	8	static
../Core/Src/LCD_Driver.c:149:6:LTCD__Init	8	static
../Core/Src/LCD_Driver.c:208:6:LCD_Draw_Pixel	16	static
../Core/Src/LCD_Driver.c:218:6:LCD_Draw_Circle_Fill	32	static
../Core/Src/LCD_Driver.c:232:6:LCD_Draw_Vertical_Line	32	static
../Core/Src/LCD_Driver.c:240:6:LCD_Clear	24	static
../Core/Src/LCD_Driver.c:251:6:LCD_SetTextColor	16	static
../Core/Src/LCD_Driver.c:257:6:LCD_SetFont	16	static
../Core/Src/LCD_Driver.c:263:6:LCD_Draw_Char	24	static
../Core/Src/LCD_Driver.c:283:6:LCD_DisplayChar	16	static
../Core/Src/LCD_Driver.c:289:6:visualDemo	16	static
../Core/Src/LCD_Driver.c:335:6:LCD_DrawMenuScreen	8	static
../Core/Src/LCD_Driver.c:361:6:LCD_DrawGameBoard	40	static
../Core/Src/LCD_Driver.c:379:6:LCD_ClearFloatingBand	16	static
../Core/Src/LCD_Driver.c:387:6:draw_elapsed_time	48	static
../Core/Src/LCD_Driver.c:409:6:LCD_DrawGameOverScreen	64	static
../Core/Src/LCD_Driver.c:456:6:LCD_DrawFloatingCoin	24	static
../Core/Src/LCD_Driver.c:467:6:LCD_Error_Handler	4	static,ignoring_inline_asm
../Core/Src/LCD_Driver.c:482:6:InitializeLCDTouch	8	static
../Core/Src/LCD_Driver.c:490:18:returnTouchStateAndLocation	16	static
../Core/Src/LCD_Driver.c:495:6:DetermineTouchPosition	16	static
../Core/Src/LCD_Driver.c:500:9:ReadRegisterFromTouchModule	16	static
../Core/Src/LCD_Driver.c:505:6:WriteDataToTouchModule	16	static
