../Core/Src/main.c:97:5:main	24	static
../Core/Src/main.c:215:6:SystemClock_Config	88	static
../Core/Src/main.c:261:13:MX_I2C3_Init	8	static
../Core/Src/main.c:309:13:MX_LTDC_Init	112	static
../Core/Src/main.c:391:13:MX_RNG_Init	8	static
../Core/Src/main.c:417:13:MX_SPI5_Init	8	static
../Core/Src/main.c:455:13:MX_TIM2_Init	40	static
../Core/Src/main.c:505:13:MX_GPIO_Init	64	static
../Core/Src/main.c:675:6:gameConfig	8	static
../Core/Src/main.c:687:6:HAL_GPIO_EXTI_Callback	24	static
../Core/Src/main.c:719:6:HAL_TIM_PeriodElapsedCallback	16	static
../Core/Src/main.c:731:6:Error_Handler	4	static,ignoring_inline_asm
