Archive member included to satisfy reference by file (symbol)

C:/ST/STM32CubeIDE_1.17.0/STM32CubeIDE/plugins/com.st.stm32cube.ide.mcu.externaltools.gnu-tools-for-stm32.12.3.rel1.win32_1.1.0.202410251130/tools/bin/../lib/gcc/arm-none-eabi/12.3.1/../../../../arm-none-eabi/lib/thumb/v7e-m+fp/hard\libc_nano.a(libc_a-exit.o)
                              C:/ST/STM32CubeIDE_1.17.0/STM32CubeIDE/plugins/com.st.stm32cube.ide.mcu.externaltools.gnu-tools-for-stm32.12.3.rel1.win32_1.1.0.202410251130/tools/bin/../lib/gcc/arm-none-eabi/12.3.1/../../../../arm-none-eabi/lib/thumb/v7e-m+fp/hard/crt0.o (exit)
C:/ST/STM32CubeIDE_1.17.0/STM32CubeIDE/plugins/com.st.stm32cube.ide.mcu.externaltools.gnu-tools-for-stm32.12.3.rel1.win32_1.1.0.202410251130/tools/bin/../lib/gcc/arm-none-eabi/12.3.1/../../../../arm-none-eabi/lib/thumb/v7e-m+fp/hard\libc_nano.a(libc_a-findfp.o)
                              C:/ST/STM32CubeIDE_1.17.0/STM32CubeIDE/plugins/com.st.stm32cube.ide.mcu.externaltools.gnu-tools-for-stm32.12.3.rel1.win32_1.1.0.202410251130/tools/bin/../lib/gcc/arm-none-eabi/12.3.1/../../../../arm-none-eabi/lib/thumb/v7e-m+fp/hard\libc_nano.a(libc_a-exit.o) (__stdio_exit_handler)
C:/ST/STM32CubeIDE_1.17.0/STM32CubeIDE/plugins/com.st.stm32cube.ide.mcu.externaltools.gnu-tools-for-stm32.12.3.rel1.win32_1.1.0.202410251130/tools/bin/../lib/gcc/arm-none-eabi/12.3.1/../../../../arm-none-eabi/lib/thumb/v7e-m+fp/hard\libc_nano.a(libc_a-fwalk.o)
                              C:/ST/STM32CubeIDE_1.17.0/STM32CubeIDE/plugins/com.st.stm32cube.ide.mcu.externaltools.gnu-tools-for-stm32.12.3.rel1.win32_1.1.0.202410251130/tools/bin/../lib/gcc/arm-none-eabi/12.3.1/../../../../arm-none-eabi/lib/thumb/v7e-m+fp/hard\libc_nano.a(libc_a-findfp.o) (_fwalk_sglue)
C:/ST/STM32CubeIDE_1.17.0/STM32CubeIDE/plugins/com.st.stm32cube.ide.mcu.externaltools.gnu-tools-for-stm32.12.3.rel1.win32_1.1.0.202410251130/tools/bin/../lib/gcc/arm-none-eabi/12.3.1/../../../../arm-none-eabi/lib/thumb/v7e-m+fp/hard\libc_nano.a(libc_a-printf.o)
                              ./Core/Src/ApplicationCode.o (printf)
C:/ST/STM32CubeIDE_1.17.0/STM32CubeIDE/plugins/com.st.stm32cube.ide.mcu.externaltools.gnu-tools-for-stm32.12.3.rel1.win32_1.1.0.202410251130/tools/bin/../lib/gcc/arm-none-eabi/12.3.1/../../../../arm-none-eabi/lib/thumb/v7e-m+fp/hard\libc_nano.a(libc_a-puts.o)
                              ./Core/Src/ApplicationCode.o (puts)
C:/ST/STM32CubeIDE_1.17.0/STM32CubeIDE/plugins/com.st.stm32cube.ide.mcu.externaltools.gnu-tools-for-stm32.12.3.rel1.win32_1.1.0.202410251130/tools/bin/../lib/gcc/arm-none-eabi/12.3.1/../../../../arm-none-eabi/lib/thumb/v7e-m+fp/hard\libc_nano.a(libc_a-sprintf.o)
                              ./Core/Src/LCD_Driver.o (sprintf)
C:/ST/STM32CubeIDE_1.17.0/STM32CubeIDE/plugins/com.st.stm32cube.ide.mcu.externaltools.gnu-tools-for-stm32.12.3.rel1.win32_1.1.0.202410251130/tools/bin/../lib/gcc/arm-none-eabi/12.3.1/../../../../arm-none-eabi/lib/thumb/v7e-m+fp/hard\libc_nano.a(libc_a-stdio.o)
                              C:/ST/STM32CubeIDE_1.17.0/STM32CubeIDE/plugins/com.st.stm32cube.ide.mcu.externaltools.gnu-tools-for-stm32.12.3.rel1.win32_1.1.0.202410251130/tools/bin/../lib/gcc/arm-none-eabi/12.3.1/../../../../arm-none-eabi/lib/thumb/v7e-m+fp/hard\libc_nano.a(libc_a-findfp.o) (__sread)
C:/ST/STM32CubeIDE_1.17.0/STM32CubeIDE/plugins/com.st.stm32cube.ide.mcu.externaltools.gnu-tools-for-stm32.12.3.rel1.win32_1.1.0.202410251130/tools/bin/../lib/gcc/arm-none-eabi/12.3.1/../../../../arm-none-eabi/lib/thumb/v7e-m+fp/hard\libc_nano.a(libc_a-wbuf.o)
                              C:/ST/STM32CubeIDE_1.17.0/STM32CubeIDE/plugins/com.st.stm32cube.ide.mcu.externaltools.gnu-tools-for-stm32.12.3.rel1.win32_1.1.0.202410251130/tools/bin/../lib/gcc/arm-none-eabi/12.3.1/../../../../arm-none-eabi/lib/thumb/v7e-m+fp/hard\libc_nano.a(libc_a-puts.o) (__swbuf_r)
C:/ST/STM32CubeIDE_1.17.0/STM32CubeIDE/plugins/com.st.stm32cube.ide.mcu.externaltools.gnu-tools-for-stm32.12.3.rel1.win32_1.1.0.202410251130/tools/bin/../lib/gcc/arm-none-eabi/12.3.1/../../../../arm-none-eabi/lib/thumb/v7e-m+fp/hard\libc_nano.a(libc_a-wsetup.o)
                              C:/ST/STM32CubeIDE_1.17.0/STM32CubeIDE/plugins/com.st.stm32cube.ide.mcu.externaltools.gnu-tools-for-stm32.12.3.rel1.win32_1.1.0.202410251130/tools/bin/../lib/gcc/arm-none-eabi/12.3.1/../../../../arm-none-eabi/lib/thumb/v7e-m+fp/hard\libc_nano.a(libc_a-puts.o) (__swsetup_r)
C:/ST/STM32CubeIDE_1.17.0/STM32CubeIDE/plugins/com.st.stm32cube.ide.mcu.externaltools.gnu-tools-for-stm32.12.3.rel1.win32_1.1.0.202410251130/tools/bin/../lib/gcc/arm-none-eabi/12.3.1/../../../../arm-none-eabi/lib/thumb/v7e-m+fp/hard\libc_nano.a(libc_a-memset.o)
                              C:/ST/STM32CubeIDE_1.17.0/STM32CubeIDE/plugins/com.st.stm32cube.ide.mcu.externaltools.gnu-tools-for-stm32.12.3.rel1.win32_1.1.0.202410251130/tools/bin/../lib/gcc/arm-none-eabi/12.3.1/../../../../arm-none-eabi/lib/thumb/v7e-m+fp/hard/crt0.o (memset)
[...]
Memory Configuration

Name             Origin             Length             Attributes
CCMRAM           0x10000000         0x00010000         xrw
RAM              0x20000000         0x00030000         xrw
FLASH            0x08000000         0x00200000         xr
*default*        0x00000000         0xffffffff

Linker script and memory map

LOAD C:/ST/STM32CubeIDE_1.17.0/STM32CubeIDE/plugins/com.st.stm32cube.ide.mcu.externaltools.gnu-tools-for-stm32.12.3.rel1.win32_1.1.0.202410251130/tools/bin/../lib/gcc/arm-none-eabi/12.3.1/thumb/v7e-m+fp/hard/crti.o
LOAD C:/ST/STM32CubeIDE_1.17.0/STM32CubeIDE/plugins/com.st.stm32cube.ide.mcu.externaltools.gnu-tools-for-stm32.12.3.rel1.win32_1.1.0.202410251130/tools/bin/../lib/gcc/arm-none-eabi/12.3.1/thumb/v7e-m+fp/hard/crtbegin.o
LOAD C:/ST/STM32CubeIDE_1.17.0/STM32CubeIDE/plugins/com.st.stm32cube.ide.mcu.externaltools.gnu-tools-for-stm32.12.3.rel1.win32_1.1.0.202410251130/tools/bin/../lib/gcc/arm-none-eabi/12.3.1/../../../../arm-none-eabi/lib/thumb/v7e-m+fp/hard/crt0.o
LOAD ./Core/Src/ApplicationCode.o
LOAD ./Core/Src/LCD_Driver.o
LOAD ./Core/Src/fonts.o
LOAD ./Core/Src/game_state.o
LOAD ./Core/Src/ili9341.o
LOAD ./Core/Src/input.o
LOAD ./Core/Src/main.o
LOAD ./Core/Src/stm32f4xx_hal_msp.o
LOAD ./Core/Src/stm32f4xx_it.o
LOAD ./Core/Src/stmpe811.o
LOAD ./Core/Src/syscalls.o
LOAD ./Core/Src/sysmem.o
LOAD ./Core/Src/system_stm32f4xx.o
LOAD ./Core/Startup/startup_stm32f429zitx.o
LOAD ./Drivers/STM32F4xx_HAL_Driver/Src/stm32f4xx_hal.o
LOAD ./Drivers/STM32F4xx_HAL_Driver/Src/stm32f4xx_hal_cortex.o
LOAD ./Drivers/STM32F4xx_HAL_Driver/Src/stm32f4xx_hal_dma.o
LOAD ./Drivers/STM32F4xx_HAL_Driver/Src/stm32f4xx_hal_dma_ex.o
LOAD ./Drivers/STM32F4xx_HAL_Driver/Src/stm32f4xx_hal_dsi.o
LOAD ./Drivers/STM32F4xx_HAL_Driver/Src/stm32f4xx_hal_exti.o
LOAD ./Drivers/STM32F4xx_HAL_Driver/Src/stm32f4xx_hal_flash.o
LOAD ./Drivers/STM32F4xx_HAL_Driver/Src/stm32f4xx_hal_flash_ex.o
LOAD ./Drivers/STM32F4xx_HAL_Driver/Src/stm32f4xx_hal_flash_ramfunc.o
LOAD ./Drivers/STM32F4xx_HAL_Driver/Src/stm32f4xx_hal_gpio.o
LOAD ./Drivers/STM32F4xx_HAL_Driver/Src/stm32f4xx_hal_i2c.o
LOAD ./Drivers/STM32F4xx_HAL_Driver/Src/stm32f4xx_hal_i2c_ex.o
LOAD ./Drivers/STM32F4xx_HAL_Driver/Src/stm32f4xx_hal_ltdc.o
LOAD ./Drivers/STM32F4xx_HAL_Driver/Src/stm32f4xx_hal_ltdc_ex.o
LOAD ./Drivers/STM32F4xx_HAL_Driver/Src/stm32f4xx_hal_pwr.o
LOAD ./Drivers/STM32F4xx_HAL_Driver/Src/stm32f4xx_hal_pwr_ex.o
LOAD ./Drivers/STM32F4xx_HAL_Driver/Src/stm32f4xx_hal_rcc.o
LOAD ./Drivers/STM32F4xx_HAL_Driver/Src/stm32f4xx_hal_rcc_ex.o
LOAD ./Drivers/STM32F4xx_HAL_Driver/Src/stm32f4xx_hal_rng.o
LOAD ./Drivers/STM32F4xx_HAL_Driver/Src/stm32f4xx_hal_spi.o
LOAD ./Drivers/STM32F4xx_HAL_Driver/Src/stm32f4xx_hal_tim.o
LOAD ./Drivers/STM32F4xx_HAL_Driver/Src/stm32f4xx_hal_tim_ex.o
START GROUP
LOAD C:/ST/STM32CubeIDE_1.17.0/STM32CubeIDE/plugins/com.st.stm32cube.ide.mcu.externaltools.gnu-tools-for-stm32.12.3.rel1.win32_1.1.0.202410251130/tools/bin/../lib/gcc/arm-none-eabi/12.3.1/../../../../arm-none-eabi/lib/thumb/v7e-m+fp/hard\libc_nano.a
LOAD C:/ST/STM32CubeIDE_1.17.0/STM32CubeIDE/plugins/com.st.stm32cube.ide.mcu.externaltools.gnu-tools-for-stm32.12.3.rel1.win32_1.1.0.202410251130/tools/bin/../lib/gcc/arm-none-eabi/12.3.1/../../../../arm-none-eabi/lib/thumb/v7e-m+fp/hard\libm.a
END GROUP
START GROUP
LOAD C:/ST/STM32CubeIDE_1.17.0/STM32CubeIDE/plugins/com.st.stm32cube.ide.mcu.externaltools.gnu-tools-for-stm32.12.3.rel1.win32_1.1.0.202410251130/tools/bin/../lib/gcc/arm-none-eabi/12.3.1/thumb/v7e-m+fp/hard\libgcc.a
LOAD C:/ST/STM32CubeIDE_1.17.0/STM32CubeIDE/plugins/com.st.stm32cube.ide.mcu.externaltools.gnu-tools-for-stm32.12.3.rel1.win32_1.1.0.202410251130/tools/bin/../lib/gcc/arm-none-eabi/12.3.1/../../../../arm-none-eabi/lib/thumb/v7e-m+fp/hard\libc_nano.a
END GROUP
START GROUP
LOAD C:/ST/STM32CubeIDE_1.17.0/STM32CubeIDE/plugins/com.st.stm32cube.ide.mcu.externaltools.gnu-tools-for-stm32.12.3.rel1.win32_1.1.0.202410251130/tools/bin/../lib/gcc/arm-none-eabi/12.3.1/thumb/v7e-m+fp/hard\libgcc.a
LOAD C:/ST/STM32CubeIDE_1.17.0/STM32CubeIDE/plugins/com.st.stm32cube.ide.mcu.externaltools.gnu-tools-for-stm32.12.3.rel1.win32_1.1.0.202410251130/tools/bin/../lib/gcc/arm-none-eabi/12.3.1/../../../../arm-none-eabi/lib/thumb/v7e-m+fp/hard\libc_nano.a
LOAD C:/ST/STM32CubeIDE_1.17.0/STM32CubeIDE/plugins/com.st.stm32cube.ide.mcu.externaltools.gnu-tools-for-stm32.12.3.rel1.win32_1.1.0.202410251130/tools/bin/../lib/gcc/arm-none-eabi/12.3.1/../../../../arm-none-eabi/lib/thumb/v7e-m+fp/hard\libnosys.a
END GROUP
START GROUP
LOAD C:/ST/STM32CubeIDE_1.17.0/STM32CubeIDE/plugins/com.st.stm32cube.ide.mcu.externaltools.gnu-tools-for-stm32.12.3.rel1.win32_1.1.0.202410251130/tools/bin/../lib/gcc/arm-none-eabi/12.3.1/thumb/v7e-m+fp/hard\libgcc.a
LOAD C:/ST/STM32CubeIDE_1.17.0/STM32CubeIDE/plugins/com.st.stm32cube.ide.mcu.externaltools.gnu-tools-for-stm32.12.3.rel1.win32_1.1.0.202410251130/tools/bin/../lib/gcc/arm-none-eabi/12.3.1/../../../../arm-none-eabi/lib/thumb/v7e-m+fp/hard\libc_nano.a
LOAD C:/ST/STM32CubeIDE_1.17.0/STM32CubeIDE/plugins/com.st.stm32cube.ide.mcu.externaltools.gnu-tools-for-stm32.12.3.rel1.win32_1.1.0.202410251130/tools/bin/../lib/gcc/arm-none-eabi/12.3.1/../../../../arm-none-eabi/lib/thumb/v7e-m+fp/hard\libnosys.a
END GROUP
LOAD C:/ST/STM32CubeIDE_1.17.0/STM32CubeIDE/plugins/com.st.stm32cube.ide.mcu.externaltools.gnu-tools-for-stm32.12.3.rel1.win32_1.1.0.202410251130/tools/bin/../lib/gcc/arm-none-eabi/12.3.1/thumb/v7e-m+fp/hard/crtend.o
LOAD C:/ST/STM32CubeIDE_1.17.0/STM32CubeIDE/plugins/com.st.stm32cube.ide.mcu.externaltools.gnu-tools-for-stm32.12.3.rel1.win32_1.1.0.202410251130/tools/bin/../lib/gcc/arm-none-eabi/12.3.1/thumb/v7e-m+fp/hard/crtn.o
                0x20030000                        _estack = (ORIGIN (RAM) + LENGTH (RAM))
                0x00000200                        _Min_Heap_Size = 0x200
                0x00000400                        _Min_Stack_Size = 0x400

.isr_vector     0x08000000      0x1ac
                0x08000000                        . = ALIGN (0x4)
 *(.isr_vector)
 .isr_vector    0x08000000      0x1ac ./Core/Startup/startup_stm32f429zitx.o
                0x08000000                g_pfnVectors
                0x080001ac                        . = ALIGN (0x4)

.text           0x080001b0     0x6ad8
                0x080001b0                        . = ALIGN (0x4)
 *(.text)
 .text          0x080001b0       0x40 C:/ST/STM32CubeIDE_1.17.0/STM32CubeIDE/plugins/com.st.stm32cube.ide.mcu.externaltools.gnu-tools-for-stm32.12.3.rel1.win32_1.1.0.202410251130/tools/bin/../lib/gcc/arm-none-eabi/12.3.1/thumb/v7e-m+fp/hard/crtbegin.o
 .text          0x080001f0       0xa0 C:/ST/STM32CubeIDE_1.17.0/STM32CubeIDE/plugins/com.st.stm32cube.ide.mcu.externaltools.gnu-tools-for-stm32.12.3.rel1.win32_1.1.0.202410251130/tools/bin/../lib/gcc/arm-none-eabi/12.3.1/../../../../arm-none-eabi/lib/thumb/v7e-m+fp/hard\libc_nano.a(libc_a-memchr.o)
                0x080001f0                memchr
 .text          0x08000290       0x30 C:/ST/STM32CubeIDE_1.17.0/STM32CubeIDE/plugins/com.st.stm32cube.ide.mcu.externaltools.gnu-tools-for-stm32.12.3.rel1.win32_1.1.0.202410251130/tools/bin/../lib/gcc/arm-none-eabi/12.3.1/thumb/v7e-m+fp/hard\libgcc.a(_aeabi_uldivmod.o)
                0x08000290                __aeabi_uldivmod
 .text          0x080002c0      0x2bc C:/ST/STM32CubeIDE_1.17.0/STM32CubeIDE/plugins/com.st.stm32cube.ide.mcu.externaltools.gnu-tools-for-stm32.12.3.rel1.win32_1.1.0.202410251130/tools/bin/../lib/gcc/arm-none-eabi/12.3.1/thumb/v7e-m+fp/hard\libgcc.a(_udivmoddi4.o)
                0x080002c0                __udivmoddi4
 .text          0x0800057c        0x4 C:/ST/STM32CubeIDE_1.17.0/STM32CubeIDE/plugins/com.st.stm32cube.ide.mcu.externaltools.gnu-tools-for-stm32.12.3.rel1.win32_1.1.0.202410251130/tools/bin/../lib/gcc/arm-none-eabi/12.3.1/thumb/v7e-m+fp/hard\libgcc.a(_dvmd_tls.o)
                0x0800057c                __aeabi_idiv0
                0x0800057c                __aeabi_ldiv0
 *(.text*)
 .text.ApplicationInit
                0x08000580       0x30 ./Core/Src/ApplicationCode.o
                0x08000580                ApplicationInit
 .text.LCD_GPIO_Init
                0x080005b0      0x190 ./Core/Src/LCD_Driver.o
                0x080005b0                LCD_GPIO_Init
 .text.LTCD_Layer_Init
                0x08000740       0x80 ./Core/Src/LCD_Driver.o
                0x08000740                LTCD_Layer_Init
 .text.LTCD__Init
                0x080007c0       0xbc ./Core/Src/LCD_Driver.o
                0x080007c0                LTCD__Init
 .text.LCD_Draw_Pixel
                0x0800087c       0x3c ./Core/Src/LCD_Driver.o
                0x0800087c                LCD_Draw_Pixel
 .text.LCD_Draw_Circle_Fill
                0x080008b8       0xa6 ./Core/Src/LCD_Driver.o
                0x080008b8                LCD_Draw_Circle_Fill
 .text.LCD_Draw_Vertical_Line
                0x0800095e       0x4e ./Core/Src/LCD_Driver.o
                0x0800095e                LCD_Draw_Vertical_Line
 .text.LCD_Clear
                0x080009ac       0x44 ./Core/Src/LCD_Driver.o
                0x080009ac                LCD_Clear
 .text.LCD_SetTextColor
                0x080009f0       0x20 ./Core/Src/LCD_Driver.o
                0x080009f0                LCD_SetTextColor
 .text.LCD_SetFont
                0x08000a10       0x20 ./Core/Src/LCD_Driver.o
                0x08000a10                LCD_SetFont
 .text.LCD_Draw_Char
                0x08000a30       0xdc ./Core/Src/LCD_Driver.o
                0x08000a30                LCD_Draw_Char
 .text.LCD_DisplayChar
                0x08000b0c       0x44 ./Core/Src/LCD_Driver.o
                0x08000b0c                LCD_DisplayChar
 .text.LCD_DrawMenuScreen
                0x08000b50       0xd0 ./Core/Src/LCD_Driver.o
                0x08000b50                LCD_DrawMenuScreen
 .text.LCD_DrawGameBoard
                0x08000c20       0xb8 ./Core/Src/LCD_Driver.o
                0x08000c20                LCD_DrawGameBoard
 .text.LCD_ClearFloatingBand
                0x08000cd8       0x42 ./Core/Src/LCD_Driver.o
                0x08000cd8                LCD_ClearFloatingBand
 *fill*         0x08000d1a        0x2 
 .text.LCD_DrawGameOverScreen
                0x08000d1c      0x1b4 ./Core/Src/LCD_Driver.o
                0x08000d1c                LCD_DrawGameOverScreen
 .text.LCD_DrawFloatingCoin
                0x08000ed0       0x30 ./Core/Src/LCD_Driver.o
                0x08000ed0                LCD_DrawFloatingCoin
 .text.LCD_Error_Handler
                0x08000f00        0xc ./Core/Src/LCD_Driver.o
                0x08000f00                LCD_Error_Handler
 .text.InitializeLCDTouch
                0x08000f0c       0x16 ./Core/Src/LCD_Driver.o
                0x08000f0c                InitializeLCDTouch
 .text.returnTouchStateAndLocation
                0x08000f22       0x18 ./Core/Src/LCD_Driver.o
                0x08000f22                returnTouchStateAndLocation
 .text.placeCoin
                0x08000f3a       0x64 ./Core/Src/game_state.o
                0x08000f3a                placeCoin
 .text.checkWinOrTie
                0x08000f9e       0x1c ./Core/Src/game_state.o
                0x08000f9e                checkWinOrTie
 .text.ili9341_Init
                0x08000fba      0x294 ./Core/Src/ili9341.o
                0x08000fba                ili9341_Init
 .text.ili9341_Write_Reg
                0x0800124e       0x1a ./Core/Src/ili9341.o
                0x0800124e                ili9341_Write_Reg
 .text.ili9341_Send_Data
                0x08001268       0x1a ./Core/Src/ili9341.o
                0x08001268                ili9341_Send_Data
 *fill*         0x08001282        0x2 
 .text.SPI_Init
                0x08001284       0x74 ./Core/Src/ili9341.o
 .text.SPI_Write
                0x080012f8       0x3c ./Core/Src/ili9341.o
 .text.SPI_Error
                0x08001334       0x18 ./Core/Src/ili9341.o
 .text.SPI_MspInit
                0x0800134c       0x74 ./Core/Src/ili9341.o
 .text.LCD_IO_Init
                0x080013c0       0xf0 ./Core/Src/ili9341.o
                0x080013c0                LCD_IO_Init
 .text.LCD_IO_WriteData
                0x080014b0       0x44 ./Core/Src/ili9341.o
                0x080014b0                LCD_IO_WriteData
 .text.LCD_IO_WriteReg
                0x080014f4       0x44 ./Core/Src/ili9341.o
                0x080014f4                LCD_IO_WriteReg
 .text.LCD_Delay
                0x08001538       0x16 ./Core/Src/ili9341.o
                0x08001538                LCD_Delay
 *fill*         0x0800154e        0x2 
 .text.main     0x08001550      0x11c ./Core/Src/main.o
                0x08001550                main
 .text.SystemClock_Config
                0x0800166c       0xd4 ./Core/Src/main.o
                0x0800166c                SystemClock_Config
 .text.MX_I2C3_Init
                0x08001740       0x80 ./Core/Src/main.o
 .text.MX_LTDC_Init
                0x080017c0      0x164 ./Core/Src/main.o
 .text.MX_RNG_Init
                0x08001924       0x28 ./Core/Src/main.o
 .text.MX_SPI5_Init
                0x0800194c       0x6c ./Core/Src/main.o
 .text.MX_TIM2_Init
                0x080019b8       0x98 ./Core/Src/main.o
 .text.MX_GPIO_Init
                0x08001a50      0x368 ./Core/Src/main.o
 .text.HAL_GPIO_EXTI_Callback
                0x08001db8       0xbc ./Core/Src/main.o
                0x08001db8                HAL_GPIO_EXTI_Callback
 .text.Error_Handler
                0x08001e74        0xc ./Core/Src/main.o
                0x08001e74                Error_Handler
 .text.HAL_MspInit
                0x08001e80       0x50 ./Core/Src/stm32f4xx_hal_msp.o
                0x08001e80                HAL_MspInit
 .text.HAL_I2C_MspInit
                0x08001ed0       0xd4 ./Core/Src/stm32f4xx_hal_msp.o
                0x08001ed0                HAL_I2C_MspInit
 .text.HAL_LTDC_MspInit
                0x08001fa4      0x250 ./Core/Src/stm32f4xx_hal_msp.o
                0x08001fa4                HAL_LTDC_MspInit
 .text.HAL_RNG_MspInit
                0x080021f4       0x44 ./Core/Src/stm32f4xx_hal_msp.o
                0x080021f4                HAL_RNG_MspInit
 .text.HAL_SPI_MspInit
                0x08002238       0x90 ./Core/Src/stm32f4xx_hal_msp.o
                0x08002238                HAL_SPI_MspInit
 .text.HAL_SPI_MspDeInit
                0x080022c8       0x3c ./Core/Src/stm32f4xx_hal_msp.o
                0x080022c8                HAL_SPI_MspDeInit
 .text.HAL_TIM_Base_MspInit
                0x08002304       0x40 ./Core/Src/stm32f4xx_hal_msp.o
                0x08002304                HAL_TIM_Base_MspInit
 .text.NMI_Handler
                0x08002344        0x8 ./Core/Src/stm32f4xx_it.o
                0x08002344                NMI_Handler
 .text.HardFault_Handler
                0x0800234c        0x8 ./Core/Src/stm32f4xx_it.o
                0x0800234c                HardFault_Handler
 .text.MemManage_Handler
                0x08002354        0x8 ./Core/Src/stm32f4xx_it.o
                0x08002354                MemManage_Handler
 .text.BusFault_Handler
                0x0800235c        0x8 ./Core/Src/stm32f4xx_it.o
                0x0800235c                BusFault_Handler
 .text.UsageFault_Handler
                0x08002364        0x8 ./Core/Src/stm32f4xx_it.o
                0x08002364                UsageFault_Handler
 .text.SVC_Handler
                0x0800236c        0xe ./Core/Src/stm32f4xx_it.o
                0x0800236c                SVC_Handler
 .text.DebugMon_Handler
                0x0800237a        0xe ./Core/Src/stm32f4xx_it.o
                0x0800237a                DebugMon_Handler
 .text.PendSV_Handler
                0x08002388        0xe ./Core/Src/stm32f4xx_it.o
                0x08002388                PendSV_Handler
 .text.SysTick_Handler
                0x08002396        0xc ./Core/Src/stm32f4xx_it.o
                0x08002396                SysTick_Handler
 .text.EXTI0_IRQHandler
                0x080023a2        0xe ./Core/Src/stm32f4xx_it.o
                0x080023a2                EXTI0_IRQHandler
 .text.STMPE811_Init
                0x080023b0      0x14e ./Core/Src/stmpe811.o
                0x080023b0                STMPE811_Init
 .text.STMPE811_Read
                0x080024fe       0x22 ./Core/Src/stmpe811.o
                0x080024fe                STMPE811_Read
 .text.STMPE811_ReadTouch
                0x08002520      0x198 ./Core/Src/stmpe811.o
                0x08002520                STMPE811_ReadTouch
 .text.verifyHAL_I2C_IS_OKAY
                0x080026b8       0x20 ./Core/Src/stmpe811.o
                0x080026b8                verifyHAL_I2C_IS_OKAY
 .text.I2C3_Init
                0x080026d8       0x7c ./Core/Src/stmpe811.o
 .text.I2C3_MspInit
                0x08002754       0xa8 ./Core/Src/stmpe811.o
 .text.I2C3_Write
                0x080027fc       0x54 ./Core/Src/stmpe811.o
                0x080027fc                I2C3_Write
 .text.I2C3_Read
                0x08002850       0x4c ./Core/Src/stmpe811.o
                0x08002850                I2C3_Read
 .text.I2C3_MulitByteRead
                0x0800289c       0x44 ./Core/Src/stmpe811.o
                0x0800289c                I2C3_MulitByteRead
 .text.TM_STMPE811_ReadX
                0x080028e0       0xbc ./Core/Src/stmpe811.o
                0x080028e0                TM_STMPE811_ReadX
 .text.TM_STMPE811_ReadY
                0x0800299c       0xa4 ./Core/Src/stmpe811.o
                0x0800299c                TM_STMPE811_ReadY
 .text.initialise_monitor_handles
                0x08002a40        0xe ./Core/Src/syscalls.o
                0x08002a40                initialise_monitor_handles
 *fill*         0x08002a4e        0x2 
 .text._sbrk    0x08002a50       0x6c ./Core/Src/sysmem.o
                0x08002a50                _sbrk
 .text.SystemInit
                0x08002abc       0x24 ./Core/Src/system_stm32f4xx.o
                0x08002abc                SystemInit
 .text.Reset_Handler
                0x08002ae0       0x50 ./Core/Startup/startup_stm32f429zitx.o
                0x08002ae0                Reset_Handler
 .text.Default_Handler
                0x08002b30        0x2 ./Core/Startup/startup_stm32f429zitx.o
                0x08002b30                RTC_Alarm_IRQHandler
                0x08002b30                HASH_RNG_IRQHandler
                0x08002b30                EXTI2_IRQHandler
                0x08002b30                TIM8_CC_IRQHandler
                0x08002b30                UART8_IRQHandler
                0x08002b30                SPI4_IRQHandler
                0x08002b30                TIM1_CC_IRQHandler
                0x08002b30                DMA2_Stream5_IRQHandler
                0x08002b30                DMA1_Stream5_IRQHandler
                0x08002b30                PVD_IRQHandler
                0x08002b30                SDIO_IRQHandler
                0x08002b30                TAMP_STAMP_IRQHandler
                0x08002b30                CAN2_RX1_IRQHandler
                0x08002b30                EXTI3_IRQHandler
                0x08002b30                TIM8_TRG_COM_TIM14_IRQHandler
                0x08002b30                TIM1_UP_TIM10_IRQHandler
                0x08002b30                TIM8_UP_TIM13_IRQHandler
                0x08002b30                I2C3_ER_IRQHandler
                0x08002b30                I2C2_EV_IRQHandler
                0x08002b30                DMA1_Stream2_IRQHandler
                0x08002b30                CAN1_RX0_IRQHandler
                0x08002b30                FPU_IRQHandler
                0x08002b30                OTG_HS_WKUP_IRQHandler
                0x08002b30                LTDC_ER_IRQHandler
                0x08002b30                CAN2_SCE_IRQHandler
                0x08002b30                DMA2_Stream2_IRQHandler
                0x08002b30                SPI1_IRQHandler
                0x08002b30                TIM6_DAC_IRQHandler
                0x08002b30                TIM1_BRK_TIM9_IRQHandler
                0x08002b30                DCMI_IRQHandler
                0x08002b30                CAN2_RX0_IRQHandler
                0x08002b30                DMA2_Stream3_IRQHandler
                0x08002b30                USART6_IRQHandler
                0x08002b30                USART3_IRQHandler
                0x08002b30                CAN1_RX1_IRQHandler
                0x08002b30                UART5_IRQHandler
                0x08002b30                DMA2_Stream0_IRQHandler
                0x08002b30                TIM4_IRQHandler
                0x08002b30                I2C1_EV_IRQHandler
                0x08002b30                DMA1_Stream6_IRQHandler
                0x08002b30                DMA1_Stream1_IRQHandler
                0x08002b30                UART4_IRQHandler
                0x08002b30                TIM3_IRQHandler
                0x08002b30                RCC_IRQHandler
                0x08002b30                TIM8_BRK_TIM12_IRQHandler
                0x08002b30                Default_Handler
                0x08002b30                EXTI15_10_IRQHandler
                0x08002b30                ADC_IRQHandler
                0x08002b30                DMA1_Stream7_IRQHandler
                0x08002b30                SPI5_IRQHandler
                0x08002b30                TIM7_IRQHandler
                0x08002b30                CAN2_TX_IRQHandler
                0x08002b30                TIM5_IRQHandler
                0x08002b30                DMA2_Stream7_IRQHandler
                0x08002b30                I2C3_EV_IRQHandler
                0x08002b30                EXTI9_5_IRQHandler
                0x08002b30                RTC_WKUP_IRQHandler
                0x08002b30                LTDC_IRQHandler
                0x08002b30                ETH_WKUP_IRQHandler
                0x08002b30                SPI2_IRQHandler
                0x08002b30                OTG_HS_EP1_IN_IRQHandler
                0x08002b30                DMA1_Stream0_IRQHandler
                0x08002b30                CAN1_TX_IRQHandler
                0x08002b30                EXTI4_IRQHandler
                0x08002b30                ETH_IRQHandler
                0x08002b30                OTG_HS_EP1_OUT_IRQHandler
                0x08002b30                WWDG_IRQHandler
                0x08002b30                SPI6_IRQHandler
                0x08002b30                TIM2_IRQHandler
                0x08002b30                OTG_FS_WKUP_IRQHandler
                0x08002b30                TIM1_TRG_COM_TIM11_IRQHandler
                0x08002b30                OTG_HS_IRQHandler
                0x08002b30                DMA2D_IRQHandler
                0x08002b30                EXTI1_IRQHandler
                0x08002b30                UART7_IRQHandler
                0x08002b30                USART2_IRQHandler
                0x08002b30                I2C2_ER_IRQHandler
                0x08002b30                DMA2_Stream1_IRQHandler
                0x08002b30                CAN1_SCE_IRQHandler
                0x08002b30                FLASH_IRQHandler
                0x08002b30                DMA2_Stream4_IRQHandler
                0x08002b30                USART1_IRQHandler
                0x08002b30                OTG_FS_IRQHandler
                0x08002b30                SPI3_IRQHandler
                0x08002b30                DMA1_Stream4_IRQHandler
                0x08002b30                I2C1_ER_IRQHandler
                0x08002b30                FMC_IRQHandler
                0x08002b30                DMA2_Stream6_IRQHandler
                0x08002b30                SAI1_IRQHandler
                0x08002b30                DMA1_Stream3_IRQHandler
 *fill*         0x08002b32        0x2 
 .text.HAL_Init
                0x08002b34       0x44 ./Drivers/STM32F4xx_HAL_Driver/Src/stm32f4xx_hal.o
                0x08002b34                HAL_Init
 .text.HAL_InitTick
                0x08002b78       0x60 ./Drivers/STM32F4xx_HAL_Driver/Src/stm32f4xx_hal.o
                0x08002b78                HAL_InitTick
 .text.HAL_IncTick
                0x08002bd8       0x28 ./Drivers/STM32F4xx_HAL_Driver/Src/stm32f4xx_hal.o
                0x08002bd8                HAL_IncTick
 .text.HAL_GetTick
                0x08002c00       0x18 ./Drivers/STM32F4xx_HAL_Driver/Src/stm32f4xx_hal.o
                0x08002c00                HAL_GetTick
 .text.HAL_Delay
                0x08002c18       0x48 ./Drivers/STM32F4xx_HAL_Driver/Src/stm32f4xx_hal.o
                0x08002c18                HAL_Delay
 .text.__NVIC_SetPriorityGrouping
                0x08002c60       0x48 ./Drivers/STM32F4xx_HAL_Driver/Src/stm32f4xx_hal_cortex.o
 .text.__NVIC_GetPriorityGrouping
                0x08002ca8       0x1c ./Drivers/STM32F4xx_HAL_Driver/Src/stm32f4xx_hal_cortex.o
 .text.__NVIC_EnableIRQ
                0x08002cc4       0x3c ./Drivers/STM32F4xx_HAL_Driver/Src/stm32f4xx_hal_cortex.o
 .text.__NVIC_SetPriority
                0x08002d00       0x54 ./Drivers/STM32F4xx_HAL_Driver/Src/stm32f4xx_hal_cortex.o
 .text.NVIC_EncodePriority
                0x08002d54       0x66 ./Drivers/STM32F4xx_HAL_Driver/Src/stm32f4xx_hal_cortex.o
 *fill*         0x08002dba        0x2 
 .text.SysTick_Config
                0x08002dbc       0x44 ./Drivers/STM32F4xx_HAL_Driver/Src/stm32f4xx_hal_cortex.o
 .text.HAL_NVIC_SetPriorityGrouping
                0x08002e00       0x16 ./Drivers/STM32F4xx_HAL_Driver/Src/stm32f4xx_hal_cortex.o
                0x08002e00                HAL_NVIC_SetPriorityGrouping
 .text.HAL_NVIC_SetPriority
                0x08002e16       0x38 ./Drivers/STM32F4xx_HAL_Driver/Src/stm32f4xx_hal_cortex.o
                0x08002e16                HAL_NVIC_SetPriority
 .text.HAL_NVIC_EnableIRQ
                0x08002e4e       0x1c ./Drivers/STM32F4xx_HAL_Driver/Src/stm32f4xx_hal_cortex.o
                0x08002e4e                HAL_NVIC_EnableIRQ
 .text.HAL_SYSTICK_Config
                0x08002e6a       0x18 ./Drivers/STM32F4xx_HAL_Driver/Src/stm32f4xx_hal_cortex.o
                0x08002e6a                HAL_SYSTICK_Config
 *fill*         0x08002e82        0x2 
 .text.HAL_GPIO_Init
                0x08002e84      0x358 ./Drivers/STM32F4xx_HAL_Driver/Src/stm32f4xx_hal_gpio.o
                0x08002e84                HAL_GPIO_Init
 .text.HAL_GPIO_DeInit
                0x080031dc      0x218 ./Drivers/STM32F4xx_HAL_Driver/Src/stm32f4xx_hal_gpio.o
                0x080031dc                HAL_GPIO_DeInit
 .text.HAL_GPIO_WritePin
                0x080033f4       0x32 ./Drivers/STM32F4xx_HAL_Driver/Src/stm32f4xx_hal_gpio.o
                0x080033f4                HAL_GPIO_WritePin
 *fill*         0x08003426        0x2 
 .text.HAL_GPIO_EXTI_IRQHandler
                0x08003428       0x30 ./Drivers/STM32F4xx_HAL_Driver/Src/stm32f4xx_hal_gpio.o
                0x08003428                HAL_GPIO_EXTI_IRQHandler
 .text.HAL_I2C_Init
                0x08003458      0x288 ./Drivers/STM32F4xx_HAL_Driver/Src/stm32f4xx_hal_i2c.o
                0x08003458                HAL_I2C_Init
 .text.HAL_I2C_Mem_Write
                0x080036e0      0x1f4 ./Drivers/STM32F4xx_HAL_Driver/Src/stm32f4xx_hal_i2c.o
                0x080036e0                HAL_I2C_Mem_Write
 .text.HAL_I2C_Mem_Read
                0x080038d4      0x464 ./Drivers/STM32F4xx_HAL_Driver/Src/stm32f4xx_hal_i2c.o
                0x080038d4                HAL_I2C_Mem_Read
 .text.I2C_RequestMemoryWrite
                0x08003d38      0x12c ./Drivers/STM32F4xx_HAL_Driver/Src/stm32f4xx_hal_i2c.o
 .text.I2C_RequestMemoryRead
                0x08003e64      0x1d0 ./Drivers/STM32F4xx_HAL_Driver/Src/stm32f4xx_hal_i2c.o
 .text.I2C_WaitOnFlagUntilTimeout
                0x08004034       0xf4 ./Drivers/STM32F4xx_HAL_Driver/Src/stm32f4xx_hal_i2c.o
 .text.I2C_WaitOnMasterAddressFlagUntilTimeout
                0x08004128      0x140 ./Drivers/STM32F4xx_HAL_Driver/Src/stm32f4xx_hal_i2c.o
 .text.I2C_WaitOnTXEFlagUntilTimeout
                0x08004268       0x90 ./Drivers/STM32F4xx_HAL_Driver/Src/stm32f4xx_hal_i2c.o
 .text.I2C_WaitOnBTFFlagUntilTimeout
                0x080042f8       0x90 ./Drivers/STM32F4xx_HAL_Driver/Src/stm32f4xx_hal_i2c.o
 .text.I2C_WaitOnRXNEFlagUntilTimeout
                0x08004388       0xba ./Drivers/STM32F4xx_HAL_Driver/Src/stm32f4xx_hal_i2c.o
 .text.I2C_IsAcknowledgeFailed
                0x08004442       0x5e ./Drivers/STM32F4xx_HAL_Driver/Src/stm32f4xx_hal_i2c.o
 .text.HAL_I2CEx_ConfigAnalogFilter
                0x080044a0       0x78 ./Drivers/STM32F4xx_HAL_Driver/Src/stm32f4xx_hal_i2c_ex.o
                0x080044a0                HAL_I2CEx_ConfigAnalogFilter
 .text.HAL_I2CEx_ConfigDigitalFilter
                0x08004518       0x7e ./Drivers/STM32F4xx_HAL_Driver/Src/stm32f4xx_hal_i2c_ex.o
                0x08004518                HAL_I2CEx_ConfigDigitalFilter
 *fill*         0x08004596        0x2 
 .text.HAL_LTDC_Init
                0x08004598      0x1a0 ./Drivers/STM32F4xx_HAL_Driver/Src/stm32f4xx_hal_ltdc.o
                0x08004598                HAL_LTDC_Init
 .text.HAL_LTDC_ConfigLayer
                0x08004738       0x7c ./Drivers/STM32F4xx_HAL_Driver/Src/stm32f4xx_hal_ltdc.o
                0x08004738                HAL_LTDC_ConfigLayer
 .text.LTDC_SetConfig
                0x080047b4      0x32e ./Drivers/STM32F4xx_HAL_Driver/Src/stm32f4xx_hal_ltdc.o
 *fill*         0x08004ae2        0x2 
 .text.HAL_RCC_OscConfig
                0x08004ae4      0x4f0 ./Drivers/STM32F4xx_HAL_Driver/Src/stm32f4xx_hal_rcc.o
                0x08004ae4                HAL_RCC_OscConfig
 .text.HAL_RCC_ClockConfig
                0x08004fd4      0x1cc ./Drivers/STM32F4xx_HAL_Driver/Src/stm32f4xx_hal_rcc.o
                0x08004fd4                HAL_RCC_ClockConfig
 .text.HAL_RCC_GetSysClockFreq
                0x080051a0      0x20c ./Drivers/STM32F4xx_HAL_Driver/Src/stm32f4xx_hal_rcc.o
                0x080051a0                HAL_RCC_GetSysClockFreq
 .text.HAL_RCC_GetHCLKFreq
                0x080053ac       0x18 ./Drivers/STM32F4xx_HAL_Driver/Src/stm32f4xx_hal_rcc.o
                0x080053ac                HAL_RCC_GetHCLKFreq
 .text.HAL_RCC_GetPCLK1Freq
                0x080053c4       0x28 ./Drivers/STM32F4xx_HAL_Driver/Src/stm32f4xx_hal_rcc.o
                0x080053c4                HAL_RCC_GetPCLK1Freq
 .text.HAL_RCCEx_PeriphCLKConfig
                0x080053ec      0x380 ./Drivers/STM32F4xx_HAL_Driver/Src/stm32f4xx_hal_rcc_ex.o
                0x080053ec                HAL_RCCEx_PeriphCLKConfig
 .text.HAL_RNG_Init
                0x0800576c       0x54 ./Drivers/STM32F4xx_HAL_Driver/Src/stm32f4xx_hal_rng.o
                0x0800576c                HAL_RNG_Init
 .text.HAL_SPI_Init
                0x080057c0      0x112 ./Drivers/STM32F4xx_HAL_Driver/Src/stm32f4xx_hal_spi.o
                0x080057c0                HAL_SPI_Init
 .text.HAL_SPI_DeInit
                0x080058d2       0x50 ./Drivers/STM32F4xx_HAL_Driver/Src/stm32f4xx_hal_spi.o
                0x080058d2                HAL_SPI_DeInit
 .text.HAL_SPI_Transmit
                0x08005922      0x288 ./Drivers/STM32F4xx_HAL_Driver/Src/stm32f4xx_hal_spi.o
                0x08005922                HAL_SPI_Transmit
 .text.HAL_SPI_GetState
                0x08005baa       0x1c ./Drivers/STM32F4xx_HAL_Driver/Src/stm32f4xx_hal_spi.o
                0x08005baa                HAL_SPI_GetState
 *fill*         0x08005bc6        0x2 
 .text.SPI_WaitFlagStateUntilTimeout
                0x08005bc8      0x110 ./Drivers/STM32F4xx_HAL_Driver/Src/stm32f4xx_hal_spi.o
 .text.SPI_EndRxTxTransaction
                0x08005cd8       0xa8 ./Drivers/STM32F4xx_HAL_Driver/Src/stm32f4xx_hal_spi.o
 .text.HAL_TIM_Base_Init
                0x08005d80       0x9e ./Drivers/STM32F4xx_HAL_Driver/Src/stm32f4xx_hal_tim.o
                0x08005d80                HAL_TIM_Base_Init
 .text.HAL_TIM_ConfigClockSource
                0x08005e1e      0x18e ./Drivers/STM32F4xx_HAL_Driver/Src/stm32f4xx_hal_tim.o
                0x08005e1e                HAL_TIM_ConfigClockSource
 .text.TIM_Base_SetConfig
                0x08005fac      0x158 ./Drivers/STM32F4xx_HAL_Driver/Src/stm32f4xx_hal_tim.o
                0x08005fac                TIM_Base_SetConfig
 .text.TIM_TI1_ConfigInputStage
                0x08006104       0x5e ./Drivers/STM32F4xx_HAL_Driver/Src/stm32f4xx_hal_tim.o
 .text.TIM_TI2_ConfigInputStage
                0x08006162       0x60 ./Drivers/STM32F4xx_HAL_Driver/Src/stm32f4xx_hal_tim.o
 .text.TIM_ITRx_SetConfig
                0x080061c2       0x36 ./Drivers/STM32F4xx_HAL_Driver/Src/stm32f4xx_hal_tim.o
 .text.TIM_ETR_SetConfig
                0x080061f8       0x40 ./Drivers/STM32F4xx_HAL_Driver/Src/stm32f4xx_hal_tim.o
                0x080061f8                TIM_ETR_SetConfig
 .text.HAL_TIMEx_MasterConfigSynchronization
                0x08006238       0xf8 ./Drivers/STM32F4xx_HAL_Driver/Src/stm32f4xx_hal_tim_ex.o
                0x08006238                HAL_TIMEx_MasterConfigSynchronization
 .text.sprintf  0x08006330       0x40 C:/ST/STM32CubeIDE_1.17.0/STM32CubeIDE/plugins/com.st.stm32cube.ide.mcu.externaltools.gnu-tools-for-stm32.12.3.rel1.win32_1.1.0.202410251130/tools/bin/../lib/gcc/arm-none-eabi/12.3.1/../../../../arm-none-eabi/lib/thumb/v7e-m+fp/hard\libc_nano.a(libc_a-sprintf.o)
                0x08006330                siprintf
                0x08006330                sprintf
 .text.memset   0x08006370       0x10 C:/ST/STM32CubeIDE_1.17.0/STM32CubeIDE/plugins/com.st.stm32cube.ide.mcu.externaltools.gnu-tools-for-stm32.12.3.rel1.win32_1.1.0.202410251130/tools/bin/../lib/gcc/arm-none-eabi/12.3.1/../../../../arm-none-eabi/lib/thumb/v7e-m+fp/hard\libc_nano.a(libc_a-memset.o)
                0x08006370                memset
 .text.__errno  0x08006380        0xc C:/ST/STM32CubeIDE_1.17.0/STM32CubeIDE/plugins/com.st.stm32cube.ide.mcu.externaltools.gnu-tools-for-stm32.12.3.rel1.win32_1.1.0.202410251130/tools/bin/../lib/gcc/arm-none-eabi/12.3.1/../../../../arm-none-eabi/lib/thumb/v7e-m+fp/hard\libc_nano.a(libc_a-errno.o)
                0x08006380                __errno
 .text.__libc_init_array
                0x0800638c       0x48 C:/ST/STM32CubeIDE_1.17.0/STM32CubeIDE/plugins/com.st.stm32cube.ide.mcu.externaltools.gnu-tools-for-stm32.12.3.rel1.win32_1.1.0.202410251130/tools/bin/../lib/gcc/arm-none-eabi/12.3.1/../../../../arm-none-eabi/lib/thumb/v7e-m+fp/hard\libc_nano.a(libc_a-init.o)
                0x0800638c                __libc_init_array
 .text.__retarget_lock_acquire_recursive
                0x080063d4        0x2 C:/ST/STM32CubeIDE_1.17.0/STM32CubeIDE/plugins/com.st.stm32cube.ide.mcu.externaltools.gnu-tools-for-stm32.12.3.rel1.win32_1.1.0.202410251130/tools/bin/../lib/gcc/arm-none-eabi/12.3.1/../../../../arm-none-eabi/lib/thumb/v7e-m+fp/hard\libc_nano.a(libc_a-lock.o)
                0x080063d4                __retarget_lock_acquire_recursive
 .text.__retarget_lock_release_recursive
                0x080063d6        0x2 C:/ST/STM32CubeIDE_1.17.0/STM32CubeIDE/plugins/com.st.stm32cube.ide.mcu.externaltools.gnu-tools-for-stm32.12.3.rel1.win32_1.1.0.202410251130/tools/bin/../lib/gcc/arm-none-eabi/12.3.1/../../../../arm-none-eabi/lib/thumb/v7e-m+fp/hard\libc_nano.a(libc_a-lock.o)
                0x080063d6                __retarget_lock_release_recursive
 .text._free_r  0x080063d8       0x94 C:/ST/STM32CubeIDE_1.17.0/STM32CubeIDE/plugins/com.st.stm32cube.ide.mcu.externaltools.gnu-tools-for-stm32.12.3.rel1.win32_1.1.0.202410251130/tools/bin/../lib/gcc/arm-none-eabi/12.3.1/../../../../arm-none-eabi/lib/thumb/v7e-m+fp/hard\libc_nano.a(libc_a-freer.o)
                0x080063d8                _free_r
 .text.sbrk_aligned
                0x0800646c       0x44 C:/ST/STM32CubeIDE_1.17.0/STM32CubeIDE/plugins/com.st.stm32cube.ide.mcu.externaltools.gnu-tools-for-stm32.12.3.rel1.win32_1.1.0.202410251130/tools/bin/../lib/gcc/arm-none-eabi/12.3.1/../../../../arm-none-eabi/lib/thumb/v7e-m+fp/hard\libc_nano.a(libc_a-mallocr.o)
 .text._malloc_r
                0x080064b0      0x100 C:/ST/STM32CubeIDE_1.17.0/STM32CubeIDE/plugins/com.st.stm32cube.ide.mcu.externaltools.gnu-tools-for-stm32.12.3.rel1.win32_1.1.0.202410251130/tools/bin/../lib/gcc/arm-none-eabi/12.3.1/../../../../arm-none-eabi/lib/thumb/v7e-m+fp/hard\libc_nano.a(libc_a-mallocr.o)
                0x080064b0                _malloc_r
 .text.__malloc_lock
                0x080065b0        0xc C:/ST/STM32CubeIDE_1.17.0/STM32CubeIDE/plugins/com.st.stm32cube.ide.mcu.externaltools.gnu-tools-for-stm32.12.3.rel1.win32_1.1.0.202410251130/tools/bin/../lib/gcc/arm-none-eabi/12.3.1/../../../../arm-none-eabi/lib/thumb/v7e-m+fp/hard\libc_nano.a(libc_a-mlock.o)
                0x080065b0                __malloc_lock
 .text.__malloc_unlock
                0x080065bc        0xc C:/ST/STM32CubeIDE_1.17.0/STM32CubeIDE/plugins/com.st.stm32cube.ide.mcu.externaltools.gnu-tools-for-stm32.12.3.rel1.win32_1.1.0.202410251130/tools/bin/../lib/gcc/arm-none-eabi/12.3.1/../../../../arm-none-eabi/lib/thumb/v7e-m+fp/hard\libc_nano.a(libc_a-mlock.o)
                0x080065bc                __malloc_unlock
 .text.__ssputs_r
                0x080065c8       0xb6 C:/ST/STM32CubeIDE_1.17.0/STM32CubeIDE/plugins/com.st.stm32cube.ide.mcu.externaltools.gnu-tools-for-stm32.12.3.rel1.win32_1.1.0.202410251130/tools/bin/../lib/gcc/arm-none-eabi/12.3.1/../../../../arm-none-eabi/lib/thumb/v7e-m+fp/hard\libc_nano.a(libc_a-nano-svfprintf.o)
                0x080065c8                __ssputs_r
 *fill*         0x0800667e        0x2 
 .text._svfprintf_r
                0x08006680      0x1f8 C:/ST/STM32CubeIDE_1.17.0/STM32CubeIDE/plugins/com.st.stm32cube.ide.mcu.externaltools.gnu-tools-for-stm32.12.3.rel1.win32_1.1.0.202410251130/tools/bin/../lib/gcc/arm-none-eabi/12.3.1/../../../../arm-none-eabi/lib/thumb/v7e-m+fp/hard\libc_nano.a(libc_a-nano-svfprintf.o)
                0x08006680                _svfiprintf_r
                0x08006680                _svfprintf_r
 .text._printf_common
                0x08006878       0xda C:/ST/STM32CubeIDE_1.17.0/STM32CubeIDE/plugins/com.st.stm32cube.ide.mcu.externaltools.gnu-tools-for-stm32.12.3.rel1.win32_1.1.0.202410251130/tools/bin/../lib/gcc/arm-none-eabi/12.3.1/../../../../arm-none-eabi/lib/thumb/v7e-m+fp/hard\libc_nano.a(libc_a-nano-vfprintf_i.o)
                0x08006878                _printf_common
 *fill*         0x08006952        0x2 
 .text._printf_i
                0x08006954      0x240 C:/ST/STM32CubeIDE_1.17.0/STM32CubeIDE/plugins/com.st.stm32cube.ide.mcu.externaltools.gnu-tools-for-stm32.12.3.rel1.win32_1.1.0.202410251130/tools/bin/../lib/gcc/arm-none-eabi/12.3.1/../../../../arm-none-eabi/lib/thumb/v7e-m+fp/hard\libc_nano.a(libc_a-nano-vfprintf_i.o)
                0x08006954                _printf_i
 .text.memmove  0x08006b94       0x34 C:/ST/STM32CubeIDE_1.17.0/STM32CubeIDE/plugins/com.st.stm32cube.ide.mcu.externaltools.gnu-tools-for-stm32.12.3.rel1.win32_1.1.0.202410251130/tools/bin/../lib/gcc/arm-none-eabi/12.3.1/../../../../arm-none-eabi/lib/thumb/v7e-m+fp/hard\libc_nano.a(libc_a-memmove.o)
                0x08006b94                memmove
 .text._sbrk_r  0x08006bc8       0x20 C:/ST/STM32CubeIDE_1.17.0/STM32CubeIDE/plugins/com.st.stm32cube.ide.mcu.externaltools.gnu-tools-for-stm32.12.3.rel1.win32_1.1.0.202410251130/tools/bin/../lib/gcc/arm-none-eabi/12.3.1/../../../../arm-none-eabi/lib/thumb/v7e-m+fp/hard\libc_nano.a(libc_a-sbrkr.o)
                0x08006bc8                _sbrk_r
 .text.memcpy   0x08006be8       0x1c C:/ST/STM32CubeIDE_1.17.0/STM32CubeIDE/plugins/com.st.stm32cube.ide.mcu.externaltools.gnu-tools-for-stm32.12.3.rel1.win32_1.1.0.202410251130/tools/bin/../lib/gcc/arm-none-eabi/12.3.1/../../../../arm-none-eabi/lib/thumb/v7e-m+fp/hard\libc_nano.a(libc_a-memcpy-stub.o)
                0x08006be8                memcpy
 .text._realloc_r
                0x08006c04       0x5c C:/ST/STM32CubeIDE_1.17.0/STM32CubeIDE/plugins/com.st.stm32cube.ide.mcu.externaltools.gnu-tools-for-stm32.12.3.rel1.win32_1.1.0.202410251130/tools/bin/../lib/gcc/arm-none-eabi/12.3.1/../../../../arm-none-eabi/lib/thumb/v7e-m+fp/hard\libc_nano.a(libc_a-reallocr.o)
                0x08006c04                _realloc_r
 .text._malloc_usable_size_r
                0x08006c60       0x10 C:/ST/STM32CubeIDE_1.17.0/STM32CubeIDE/plugins/com.st.stm32cube.ide.mcu.externaltools.gnu-tools-for-stm32.12.3.rel1.win32_1.1.0.202410251130/tools/bin/../lib/gcc/arm-none-eabi/12.3.1/../../../../arm-none-eabi/lib/thumb/v7e-m+fp/hard\libc_nano.a(libc_a-msizer.o)
                0x08006c60                _malloc_usable_size_r
 *(.glue_7)
 .glue_7        0x08006c70        0x0 linker stubs
 *(.glue_7t)
 .glue_7t       0x08006c70        0x0 linker stubs
 *(.eh_frame)
 .eh_frame      0x08006c70        0x0 C:/ST/STM32CubeIDE_1.17.0/STM32CubeIDE/plugins/com.st.stm32cube.ide.mcu.externaltools.gnu-tools-for-stm32.12.3.rel1.win32_1.1.0.202410251130/tools/bin/../lib/gcc/arm-none-eabi/12.3.1/thumb/v7e-m+fp/hard/crtbegin.o
 *(.init)
 .init          0x08006c70        0x4 C:/ST/STM32CubeIDE_1.17.0/STM32CubeIDE/plugins/com.st.stm32cube.ide.mcu.externaltools.gnu-tools-for-stm32.12.3.rel1.win32_1.1.0.202410251130/tools/bin/../lib/gcc/arm-none-eabi/12.3.1/thumb/v7e-m+fp/hard/crti.o
                0x08006c70                _init
 .init          0x08006c74        0x8 C:/ST/STM32CubeIDE_1.17.0/STM32CubeIDE/plugins/com.st.stm32cube.ide.mcu.externaltools.gnu-tools-for-stm32.12.3.rel1.win32_1.1.0.202410251130/tools/bin/../lib/gcc/arm-none-eabi/12.3.1/thumb/v7e-m+fp/hard/crtn.o
 *(.fini)
 .fini          0x08006c7c        0x4 C:/ST/STM32CubeIDE_1.17.0/STM32CubeIDE/plugins/com.st.stm32cube.ide.mcu.externaltools.gnu-tools-for-stm32.12.3.rel1.win32_1.1.0.202410251130/tools/bin/../lib/gcc/arm-none-eabi/12.3.1/thumb/v7e-m+fp/hard/crti.o
                0x08006c7c                _fini
 .fini          0x08006c80        0x8 C:/ST/STM32CubeIDE_1.17.0/STM32CubeIDE/plugins/com.st.stm32cube.ide.mcu.externaltools.gnu-tools-for-stm32.12.3.rel1.win32_1.1.0.202410251130/tools/bin/../lib/gcc/arm-none-eabi/12.3.1/thumb/v7e-m+fp/hard/crtn.o
                0x08006c88                        . = ALIGN (0x4)
                0x08006c88                        _etext = .

.vfp11_veneer   0x08006c88        0x0
 .vfp11_veneer  0x08006c88        0x0 linker stubs

.v4_bx          0x08006c88        0x0
 .v4_bx         0x08006c88        0x0 linker stubs

.iplt           0x08006c88        0x0
 .iplt          0x08006c88        0x0 C:/ST/STM32CubeIDE_1.17.0/STM32CubeIDE/plugins/com.st.stm32cube.ide.mcu.externaltools.gnu-tools-for-stm32.12.3.rel1.win32_1.1.0.202410251130/tools/bin/../lib/gcc/arm-none-eabi/12.3.1/thumb/v7e-m+fp/hard/crtbegin.o

.rodata         0x08006c88     0x1230
                0x08006c88                        . = ALIGN (0x4)
 *(.rodata)
 .rodata        0x08006c88       0x14 ./Core/Src/LCD_Driver.o
 *(.rodata*)
 .rodata.ASCII16x24_Table
                0x08006c9c     0x11d0 ./Core/Src/fonts.o
                0x08006c9c                ASCII16x24_Table
 .rodata.AHBPrescTable
                0x08007e6c       0x10 ./Core/Src/system_stm32f4xx.o
                0x08007e6c                AHBPrescTable
 .rodata.APBPrescTable
                0x08007e7c        0x8 ./Core/Src/system_stm32f4xx.o
                0x08007e7c                APBPrescTable
 .rodata._svfprintf_r.str1.1
                0x08007e84       0x11 C:/ST/STM32CubeIDE_1.17.0/STM32CubeIDE/plugins/com.st.stm32cube.ide.mcu.externaltools.gnu-tools-for-stm32.12.3.rel1.win32_1.1.0.202410251130/tools/bin/../lib/gcc/arm-none-eabi/12.3.1/../../../../arm-none-eabi/lib/thumb/v7e-m+fp/hard\libc_nano.a(libc_a-nano-svfprintf.o)
 .rodata._printf_i.str1.1
                0x08007e95       0x22 C:/ST/STM32CubeIDE_1.17.0/STM32CubeIDE/plugins/com.st.stm32cube.ide.mcu.externaltools.gnu-tools-for-stm32.12.3.rel1.win32_1.1.0.202410251130/tools/bin/../lib/gcc/arm-none-eabi/12.3.1/../../../../arm-none-eabi/lib/thumb/v7e-m+fp/hard\libc_nano.a(libc_a-nano-vfprintf_i.o)
                0x08007eb8                        . = ALIGN (0x4)
 *fill*         0x08007eb7        0x1 

.ARM.extab      0x08007eb8        0x0
                0x08007eb8                        . = ALIGN (0x4)
 *(.ARM.extab* .gnu.linkonce.armextab.*)
                0x08007eb8                        . = ALIGN (0x4)

.ARM            0x08007eb8        0x8
                0x08007eb8                        . = ALIGN (0x4)
                0x08007eb8                        __exidx_start = .
 *(.ARM.exidx*)
 .ARM.exidx     0x08007eb8        0x8 C:/ST/STM32CubeIDE_1.17.0/STM32CubeIDE/plugins/com.st.stm32cube.ide.mcu.externaltools.gnu-tools-for-stm32.12.3.rel1.win32_1.1.0.202410251130/tools/bin/../lib/gcc/arm-none-eabi/12.3.1/../../../../arm-none-eabi/lib/thumb/v7e-m+fp/hard\libc_nano.a(libc_a-memchr.o)
 .ARM.exidx     0x08007ec0        0x0 C:/ST/STM32CubeIDE_1.17.0/STM32CubeIDE/plugins/com.st.stm32cube.ide.mcu.externaltools.gnu-tools-for-stm32.12.3.rel1.win32_1.1.0.202410251130/tools/bin/../lib/gcc/arm-none-eabi/12.3.1/thumb/v7e-m+fp/hard\libgcc.a(_udivmoddi4.o)
                                  0x8 (size before relaxing)
                0x08007ec0                        __exidx_end = .
                0x08007ec0                        . = ALIGN (0x4)

.preinit_array  0x08007ec0        0x0
                0x08007ec0                        . = ALIGN (0x4)
                0x08007ec0                        PROVIDE (__preinit_array_start = .)
 *(.preinit_array*)
                0x08007ec0                        PROVIDE (__preinit_array_end = .)
                0x08007ec0                        . = ALIGN (0x4)

.init_array     0x08007ec0        0x4
                0x08007ec0                        . = ALIGN (0x4)
                0x08007ec0                        PROVIDE (__init_array_start = .)
 *(SORT_BY_NAME(.init_array.*))
 *(.init_array*)
 .init_array    0x08007ec0        0x4 C:/ST/STM32CubeIDE_1.17.0/STM32CubeIDE/plugins/com.st.stm32cube.ide.mcu.externaltools.gnu-tools-for-stm32.12.3.rel1.win32_1.1.0.202410251130/tools/bin/../lib/gcc/arm-none-eabi/12.3.1/thumb/v7e-m+fp/hard/crtbegin.o
                0x08007ec4                        PROVIDE (__init_array_end = .)
                0x08007ec4                        . = ALIGN (0x4)

.fini_array     0x08007ec4        0x4
                0x08007ec4                        . = ALIGN (0x4)
                [!provide]                        PROVIDE (__fini_array_start = .)
 *(SORT_BY_NAME(.fini_array.*))
 *(.fini_array*)
 .fini_array    0x08007ec4        0x4 C:/ST/STM32CubeIDE_1.17.0/STM32CubeIDE/plugins/com.st.stm32cube.ide.mcu.externaltools.gnu-tools-for-stm32.12.3.rel1.win32_1.1.0.202410251130/tools/bin/../lib/gcc/arm-none-eabi/12.3.1/thumb/v7e-m+fp/hard/crtbegin.o
                [!provide]                        PROVIDE (__fini_array_end = .)
                0x08007ec8                        . = ALIGN (0x4)
                0x08007ec8                        _sidata = LOADADDR (.data)

.rel.dyn        0x08007ec8        0x0
 .rel.iplt      0x08007ec8        0x0 C:/ST/STM32CubeIDE_1.17.0/STM32CubeIDE/plugins/com.st.stm32cube.ide.mcu.externaltools.gnu-tools-for-stm32.12.3.rel1.win32_1.1.0.202410251130/tools/bin/../lib/gcc/arm-none-eabi/12.3.1/thumb/v7e-m+fp/hard/crtbegin.o

.data           0x20000000       0x74 load address 0x08007ec8
                0x20000000                        . = ALIGN (0x4)
                0x20000000                        _sdata = .
 *(.data)
 *(.data*)
 .data.CurrentTextColor
                0x20000000        0x2 ./Core/Src/LCD_Driver.o
 *fill*         0x20000002        0x2 
 .data.Font16x24
                0x20000004        0x8 ./Core/Src/fonts.o
                0x20000004                Font16x24
 .data.SpiTimeout
                0x2000000c        0x4 ./Core/Src/ili9341.o
                0x2000000c                SpiTimeout
 .data.currentPlayer
                0x20000010        0x4 ./Core/Src/main.o
                0x20000010                currentPlayer
 .data.currentColumn
                0x20000014        0x4 ./Core/Src/main.o
                0x20000014                currentColumn
 .data.SystemCoreClock
                0x20000018        0x4 ./Core/Src/system_stm32f4xx.o
                0x20000018                SystemCoreClock
 .data.uwTickPrio
                0x2000001c        0x4 ./Drivers/STM32F4xx_HAL_Driver/Src/stm32f4xx_hal.o
                0x2000001c                uwTickPrio
 .data.uwTickFreq
                0x20000020        0x1 ./Drivers/STM32F4xx_HAL_Driver/Src/stm32f4xx_hal.o
                0x20000020                uwTickFreq
 *fill*         0x20000021        0x3 
 .data._impure_ptr
                0x20000024        0x4 C:/ST/STM32CubeIDE_1.17.0/STM32CubeIDE/plugins/com.st.stm32cube.ide.mcu.externaltools.gnu-tools-for-stm32.12.3.rel1.win32_1.1.0.202410251130/tools/bin/../lib/gcc/arm-none-eabi/12.3.1/../../../../arm-none-eabi/lib/thumb/v7e-m+fp/hard\libc_nano.a(libc_a-impure.o)
                0x20000024                _impure_ptr
 .data._impure_data
                0x20000028       0x4c C:/ST/STM32CubeIDE_1.17.0/STM32CubeIDE/plugins/com.st.stm32cube.ide.mcu.externaltools.gnu-tools-for-stm32.12.3.rel1.win32_1.1.0.202410251130/tools/bin/../lib/gcc/arm-none-eabi/12.3.1/../../../../arm-none-eabi/lib/thumb/v7e-m+fp/hard\libc_nano.a(libc_a-impure.o)
                0x20000028                _impure_data
 *(.RamFunc)
 *(.RamFunc*)
                0x20000074                        . = ALIGN (0x4)
                0x20000074                        _edata = .
                0x08007f3c                        _siccmram = LOADADDR (.ccmram)

.igot.plt       0x20000074        0x0 load address 0x08007f3c
 .igot.plt      0x20000074        0x0 C:/ST/STM32CubeIDE_1.17.0/STM32CubeIDE/plugins/com.st.stm32cube.ide.mcu.externaltools.gnu-tools-for-stm32.12.3.rel1.win32_1.1.0.202410251130/tools/bin/../lib/gcc/arm-none-eabi/12.3.1/thumb/v7e-m+fp/hard/crtbegin.o

.ccmram         0x10000000        0x0 load address 0x08007f3c
                0x10000000                        . = ALIGN (0x4)
                0x10000000                        _sccmram = .
 *(.ccmram)
 *(.ccmram*)
                0x10000000                        . = ALIGN (0x4)
                0x10000000                        _eccmram = .
                0x10000000                        . = ALIGN (0x4)

.bss            0x20000074    0x25d78
                0x20000074                        _sbss = .
                0x20000074                        __bss_start__ = _sbss
 *(.bss)
 .bss           0x20000074       0x1c C:/ST/STM32CubeIDE_1.17.0/STM32CubeIDE/plugins/com.st.stm32cube.ide.mcu.externaltools.gnu-tools-for-stm32.12.3.rel1.win32_1.1.0.202410251130/tools/bin/../lib/gcc/arm-none-eabi/12.3.1/thumb/v7e-m+fp/hard/crtbegin.o
 *(.bss*)
 .bss.StaticTouchData
                0x20000090        0x8 ./Core/Src/ApplicationCode.o
 .bss.hltdc     0x20000098       0xa8 ./Core/Src/LCD_Driver.o
 .bss.PeriphClkInitStruct
                0x20000140       0x30 ./Core/Src/LCD_Driver.o
 .bss.LCD_Currentfonts
                0x20000170        0x4 ./Core/Src/LCD_Driver.o
 .bss.frameBuffer
                0x20000174    0x25800 ./Core/Src/LCD_Driver.o
                0x20000174                frameBuffer
 .bss.SpiHandle
                0x20025974       0x58 ./Core/Src/ili9341.o
 .bss.Is_LCD_IO_Initialized
                0x200259cc        0x1 ./Core/Src/ili9341.o
 *fill*         0x200259cd        0x3 
 .bss.hi2c3     0x200259d0       0x54 ./Core/Src/main.o
                0x200259d0                hi2c3
 .bss.hltdc     0x20025a24       0xa8 ./Core/Src/main.o
                0x20025a24                hltdc
 .bss.hrng      0x20025acc       0x10 ./Core/Src/main.o
                0x20025acc                hrng
 .bss.hspi5     0x20025adc       0x58 ./Core/Src/main.o
                0x20025adc                hspi5
 .bss.htim2     0x20025b34       0x48 ./Core/Src/main.o
                0x20025b34                htim2
 .bss.game_start_ms
                0x20025b7c        0x4 ./Core/Src/main.o
 .bss.board     0x20025b80       0xa8 ./Core/Src/main.o
                0x20025b80                board
 .bss.onePlayerMode
                0x20025c28        0x4 ./Core/Src/main.o
                0x20025c28                onePlayerMode
 .bss.gameOver  0x20025c2c        0x4 ./Core/Src/main.o
                0x20025c2c                gameOver
 .bss.winner    0x20025c30        0x4 ./Core/Src/main.o
                0x20025c30                winner
 .bss.redWins   0x20025c34        0x4 ./Core/Src/main.o
                0x20025c34                redWins
 .bss.yellowWins
                0x20025c38        0x4 ./Core/Src/main.o
                0x20025c38                yellowWins
 .bss.elapsedTime
                0x20025c3c        0x4 ./Core/Src/main.o
                0x20025c3c                elapsedTime
 .bss.lastPressTime.0
                0x20025c40        0x4 ./Core/Src/main.o
 .bss.hI2C3     0x20025c44       0x54 ./Core/Src/stmpe811.o
 .bss.HAL_status
                0x20025c98        0x1 ./Core/Src/stmpe811.o
 *fill*         0x20025c99        0x3 
 .bss.__sbrk_heap_end
                0x20025c9c        0x4 ./Core/Src/sysmem.o
 .bss.uwTick    0x20025ca0        0x4 ./Drivers/STM32F4xx_HAL_Driver/Src/stm32f4xx_hal.o
                0x20025ca0                uwTick
 .bss.__sf      0x20025ca4      0x138 C:/ST/STM32CubeIDE_1.17.0/STM32CubeIDE/plugins/com.st.stm32cube.ide.mcu.externaltools.gnu-tools-for-stm32.12.3.rel1.win32_1.1.0.202410251130/tools/bin/../lib/gcc/arm-none-eabi/12.3.1/../../../../arm-none-eabi/lib/thumb/v7e-m+fp/hard\libc_nano.a(libc_a-findfp.o)
                0x20025ca4                __sf
 .bss.errno     0x20025ddc        0x4 C:/ST/STM32CubeIDE_1.17.0/STM32CubeIDE/plugins/com.st.stm32cube.ide.mcu.externaltools.gnu-tools-for-stm32.12.3.rel1.win32_1.1.0.202410251130/tools/bin/../lib/gcc/arm-none-eabi/12.3.1/../../../../arm-none-eabi/lib/thumb/v7e-m+fp/hard\libc_nano.a(libc_a-reent.o)
                0x20025ddc                errno
 .bss.__lock___malloc_recursive_mutex
                0x20025de0        0x1 C:/ST/STM32CubeIDE_1.17.0/STM32CubeIDE/plugins/com.st.stm32cube.ide.mcu.externaltools.gnu-tools-for-stm32.12.3.rel1.win32_1.1.0.202410251130/tools/bin/../lib/gcc/arm-none-eabi/12.3.1/../../../../arm-none-eabi/lib/thumb/v7e-m+fp/hard\libc_nano.a(libc_a-lock.o)
                0x20025de0                __lock___malloc_recursive_mutex
 *fill*         0x20025de1        0x3 
 .bss.__malloc_sbrk_start
                0x20025de4        0x4 C:/ST/STM32CubeIDE_1.17.0/STM32CubeIDE/plugins/com.st.stm32cube.ide.mcu.externaltools.gnu-tools-for-stm32.12.3.rel1.win32_1.1.0.202410251130/tools/bin/../lib/gcc/arm-none-eabi/12.3.1/../../../../arm-none-eabi/lib/thumb/v7e-m+fp/hard\libc_nano.a(libc_a-mallocr.o)
                0x20025de4                __malloc_sbrk_start
 .bss.__malloc_free_list
                0x20025de8        0x4 C:/ST/STM32CubeIDE_1.17.0/STM32CubeIDE/plugins/com.st.stm32cube.ide.mcu.externaltools.gnu-tools-for-stm32.12.3.rel1.win32_1.1.0.202410251130/tools/bin/../lib/gcc/arm-none-eabi/12.3.1/../../../../arm-none-eabi/lib/thumb/v7e-m+fp/hard\libc_nano.a(libc_a-mallocr.o)
                0x20025de8                __malloc_free_list
 *(COMMON)
                0x20025dec                        . = ALIGN (0x4)
                0x20025dec                        _ebss = .
                0x20025dec                        __bss_end__ = _ebss

._user_heap_stack
                0x20025dec      0x604
                0x20025df0                        . = ALIGN (0x8)
 *fill*         0x20025dec        0x4 
                [!provide]                        PROVIDE (end = .)
                0x20025df0                        PROVIDE (_end = .)
                0x20025ff0                        . = (. + _Min_Heap_Size)
 *fill*         0x20025df0      0x200 
                0x200263f0                        . = (. + _Min_Stack_Size)
 *fill*         0x20025ff0      0x400 
                0x200263f0                        . = ALIGN (0x8)

/DISCARD/
 libc.a(*)
 libm.a(*)
 libgcc.a(*)

.ARM.attributes
                0x00000000       0x30
 *(.ARM.attributes)
 .ARM.attributes
                0x00000000       0x22 C:/ST/STM32CubeIDE_1.17.0/STM32CubeIDE/plugins/com.st.stm32cube.ide.mcu.externaltools.gnu-tools-for-stm32.12.3.rel1.win32_1.1.0.202410251130/tools/bin/../lib/gcc/arm-none-eabi/12.3.1/thumb/v7e-m+fp/hard/crti.o
 .ARM.attributes
                0x00000022       0x34 C:/ST/STM32CubeIDE_1.17.0/STM32CubeIDE/plugins/com.st.stm32cube.ide.mcu.externaltools.gnu-tools-for-stm32.12.3.rel1.win32_1.1.0.202410251130/tools/bin/../lib/gcc/arm-none-eabi/12.3.1/thumb/v7e-m+fp/hard/crtbegin.o
 .ARM.attributes
                0x00000056       0x34 ./Core/Src/ApplicationCode.o
 .ARM.attributes
                0x0000008a       0x34 ./Core/Src/LCD_Driver.o
 .ARM.attributes
                0x000000be       0x34 ./Core/Src/fonts.o
 .ARM.attributes
                0x000000f2       0x34 ./Core/Src/game_state.o
 .ARM.attributes
                0x00000126       0x34 ./Core/Src/ili9341.o
 .ARM.attributes
                0x0000015a       0x34 ./Core/Src/main.o
 .ARM.attributes
                0x0000018e       0x34 ./Core/Src/stm32f4xx_hal_msp.o
 .ARM.attributes
                0x000001c2       0x34 ./Core/Src/stm32f4xx_it.o
 .ARM.attributes
                0x000001f6       0x34 ./Core/Src/stmpe811.o
 .ARM.attributes
                0x0000022a       0x34 ./Core/Src/syscalls.o
 .ARM.attributes
                0x0000025e       0x34 ./Core/Src/sysmem.o
 .ARM.attributes
                0x00000292       0x34 ./Core/Src/system_stm32f4xx.o
 .ARM.attributes
                0x000002c6       0x21 ./Core/Startup/startup_stm32f429zitx.o
 .ARM.attributes
                0x000002e7       0x34 ./Drivers/STM32F4xx_HAL_Driver/Src/stm32f4xx_hal.o
 .ARM.attributes
                0x0000031b       0x34 ./Drivers/STM32F4xx_HAL_Driver/Src/stm32f4xx_hal_cortex.o
 .ARM.attributes
                0x0000034f       0x34 ./Drivers/STM32F4xx_HAL_Driver/Src/stm32f4xx_hal_gpio.o
 .ARM.attributes
                0x00000383       0x34 ./Drivers/STM32F4xx_HAL_Driver/Src/stm32f4xx_hal_i2c.o
 .ARM.attributes
                0x000003b7       0x34 ./Drivers/STM32F4xx_HAL_Driver/Src/stm32f4xx_hal_i2c_ex.o
 .ARM.attributes
                0x000003eb       0x34 ./Drivers/STM32F4xx_HAL_Driver/Src/stm32f4xx_hal_ltdc.o
 .ARM.attributes
                0x0000041f       0x34 ./Drivers/STM32F4xx_HAL_Driver/Src/stm32f4xx_hal_rcc.o
 .ARM.attributes
                0x00000453       0x34 ./Drivers/STM32F4xx_HAL_Driver/Src/stm32f4xx_hal_rcc_ex.o
 .ARM.attributes
                0x00000487       0x34 ./Drivers/STM32F4xx_HAL_Driver/Src/stm32f4xx_hal_rng.o
 .ARM.attributes
                0x000004bb       0x34 ./Drivers/STM32F4xx_HAL_Driver/Src/stm32f4xx_hal_spi.o
 .ARM.attributes
                0x000004ef       0x34 ./Drivers/STM32F4xx_HAL_Driver/Src/stm32f4xx_hal_tim.o
 .ARM.attributes
                0x00000523       0x34 ./Drivers/STM32F4xx_HAL_Driver/Src/stm32f4xx_hal_tim_ex.o
 .ARM.attributes
                0x00000557       0x34 C:/ST/STM32CubeIDE_1.17.0/STM32CubeIDE/plugins/com.st.stm32cube.ide.mcu.externaltools.gnu-tools-for-stm32.12.3.rel1.win32_1.1.0.202410251130/tools/bin/../lib/gcc/arm-none-eabi/12.3.1/../../../../arm-none-eabi/lib/thumb/v7e-m+fp/hard\libc_nano.a(libc_a-findfp.o)
 .ARM.attributes
                0x0000058b       0x34 C:/ST/STM32CubeIDE_1.17.0/STM32CubeIDE/plugins/com.st.stm32cube.ide.mcu.externaltools.gnu-tools-for-stm32.12.3.rel1.win32_1.1.0.202410251130/tools/bin/../lib/gcc/arm-none-eabi/12.3.1/../../../../arm-none-eabi/lib/thumb/v7e-m+fp/hard\libc_nano.a(libc_a-sprintf.o)
 .ARM.attributes
                0x000005bf       0x34 C:/ST/STM32CubeIDE_1.17.0/STM32CubeIDE/plugins/com.st.stm32cube.ide.mcu.externaltools.gnu-tools-for-stm32.12.3.rel1.win32_1.1.0.202410251130/tools/bin/../lib/gcc/arm-none-eabi/12.3.1/../../../../arm-none-eabi/lib/thumb/v7e-m+fp/hard\libc_nano.a(libc_a-memset.o)
 .ARM.attributes
                0x000005f3       0x34 C:/ST/STM32CubeIDE_1.17.0/STM32CubeIDE/plugins/com.st.stm32cube.ide.mcu.externaltools.gnu-tools-for-stm32.12.3.rel1.win32_1.1.0.202410251130/tools/bin/../lib/gcc/arm-none-eabi/12.3.1/../../../../arm-none-eabi/lib/thumb/v7e-m+fp/hard\libc_nano.a(libc_a-reent.o)
 .ARM.attributes
                0x00000627       0x34 C:/ST/STM32CubeIDE_1.17.0/STM32CubeIDE/plugins/com.st.stm32cube.ide.mcu.externaltools.gnu-tools-for-stm32.12.3.rel1.win32_1.1.0.202410251130/tools/bin/../lib/gcc/arm-none-eabi/12.3.1/../../../../arm-none-eabi/lib/thumb/v7e-m+fp/hard\libc_nano.a(libc_a-impure.o)
 .ARM.attributes
                0x0000065b       0x34 C:/ST/STM32CubeIDE_1.17.0/STM32CubeIDE/plugins/com.st.stm32cube.ide.mcu.externaltools.gnu-tools-for-stm32.12.3.rel1.win32_1.1.0.202410251130/tools/bin/../lib/gcc/arm-none-eabi/12.3.1/../../../../arm-none-eabi/lib/thumb/v7e-m+fp/hard\libc_nano.a(libc_a-errno.o)
 .ARM.attributes
                0x0000068f       0x34 C:/ST/STM32CubeIDE_1.17.0/STM32CubeIDE/plugins/com.st.stm32cube.ide.mcu.externaltools.gnu-tools-for-stm32.12.3.rel1.win32_1.1.0.202410251130/tools/bin/../lib/gcc/arm-none-eabi/12.3.1/../../../../arm-none-eabi/lib/thumb/v7e-m+fp/hard\libc_nano.a(libc_a-init.o)
 .ARM.attributes
                0x000006c3       0x34 C:/ST/STM32CubeIDE_1.17.0/STM32CubeIDE/plugins/com.st.stm32cube.ide.mcu.externaltools.gnu-tools-for-stm32.12.3.rel1.win32_1.1.0.202410251130/tools/bin/../lib/gcc/arm-none-eabi/12.3.1/../../../../arm-none-eabi/lib/thumb/v7e-m+fp/hard\libc_nano.a(libc_a-lock.o)
 .ARM.attributes
                0x000006f7       0x34 C:/ST/STM32CubeIDE_1.17.0/STM32CubeIDE/plugins/com.st.stm32cube.ide.mcu.externaltools.gnu-tools-for-stm32.12.3.rel1.win32_1.1.0.202410251130/tools/bin/../lib/gcc/arm-none-eabi/12.3.1/../../../../arm-none-eabi/lib/thumb/v7e-m+fp/hard\libc_nano.a(libc_a-freer.o)
 .ARM.attributes
                0x0000072b       0x34 C:/ST/STM32CubeIDE_1.17.0/STM32CubeIDE/plugins/com.st.stm32cube.ide.mcu.externaltools.gnu-tools-for-stm32.12.3.rel1.win32_1.1.0.202410251130/tools/bin/../lib/gcc/arm-none-eabi/12.3.1/../../../../arm-none-eabi/lib/thumb/v7e-m+fp/hard\libc_nano.a(libc_a-mallocr.o)
 .ARM.attributes
                0x0000075f       0x34 C:/ST/STM32CubeIDE_1.17.0/STM32CubeIDE/plugins/com.st.stm32cube.ide.mcu.externaltools.gnu-tools-for-stm32.12.3.rel1.win32_1.1.0.202410251130/tools/bin/../lib/gcc/arm-none-eabi/12.3.1/../../../../arm-none-eabi/lib/thumb/v7e-m+fp/hard\libc_nano.a(libc_a-mlock.o)
 .ARM.attributes
                0x00000793       0x34 C:/ST/STM32CubeIDE_1.17.0/STM32CubeIDE/plugins/com.st.stm32cube.ide.mcu.externaltools.gnu-tools-for-stm32.12.3.rel1.win32_1.1.0.202410251130/tools/bin/../lib/gcc/arm-none-eabi/12.3.1/../../../../arm-none-eabi/lib/thumb/v7e-m+fp/hard\libc_nano.a(libc_a-nano-svfprintf.o)
 .ARM.attributes
                0x000007c7       0x34 C:/ST/STM32CubeIDE_1.17.0/STM32CubeIDE/plugins/com.st.stm32cube.ide.mcu.externaltools.gnu-tools-for-stm32.12.3.rel1.win32_1.1.0.202410251130/tools/bin/../lib/gcc/arm-none-eabi/12.3.1/../../../../arm-none-eabi/lib/thumb/v7e-m+fp/hard\libc_nano.a(libc_a-nano-vfprintf_i.o)
 .ARM.attributes
                0x000007fb       0x34 C:/ST/STM32CubeIDE_1.17.0/STM32CubeIDE/plugins/com.st.stm32cube.ide.mcu.externaltools.gnu-tools-for-stm32.12.3.rel1.win32_1.1.0.202410251130/tools/bin/../lib/gcc/arm-none-eabi/12.3.1/../../../../arm-none-eabi/lib/thumb/v7e-m+fp/hard\libc_nano.a(libc_a-memmove.o)
 .ARM.attributes
                0x0000082f       0x34 C:/ST/STM32CubeIDE_1.17.0/STM32CubeIDE/plugins/com.st.stm32cube.ide.mcu.externaltools.gnu-tools-for-stm32.12.3.rel1.win32_1.1.0.202410251130/tools/bin/../lib/gcc/arm-none-eabi/12.3.1/../../../../arm-none-eabi/lib/thumb/v7e-m+fp/hard\libc_nano.a(libc_a-sbrkr.o)
 .ARM.attributes
                0x00000863       0x1c C:/ST/STM32CubeIDE_1.17.0/STM32CubeIDE/plugins/com.st.stm32cube.ide.mcu.externaltools.gnu-tools-for-stm32.12.3.rel1.win32_1.1.0.202410251130/tools/bin/../lib/gcc/arm-none-eabi/12.3.1/../../../../arm-none-eabi/lib/thumb/v7e-m+fp/hard\libc_nano.a(libc_a-memchr.o)
 .ARM.attributes
                0x0000087f       0x34 C:/ST/STM32CubeIDE_1.17.0/STM32CubeIDE/plugins/com.st.stm32cube.ide.mcu.externaltools.gnu-tools-for-stm32.12.3.rel1.win32_1.1.0.202410251130/tools/bin/../lib/gcc/arm-none-eabi/12.3.1/../../../../arm-none-eabi/lib/thumb/v7e-m+fp/hard\libc_nano.a(libc_a-memcpy-stub.o)
 .ARM.attributes
                0x000008b3       0x34 C:/ST/STM32CubeIDE_1.17.0/STM32CubeIDE/plugins/com.st.stm32cube.ide.mcu.externaltools.gnu-tools-for-stm32.12.3.rel1.win32_1.1.0.202410251130/tools/bin/../lib/gcc/arm-none-eabi/12.3.1/../../../../arm-none-eabi/lib/thumb/v7e-m+fp/hard\libc_nano.a(libc_a-reallocr.o)
 .ARM.attributes
                0x000008e7       0x34 C:/ST/STM32CubeIDE_1.17.0/STM32CubeIDE/plugins/com.st.stm32cube.ide.mcu.externaltools.gnu-tools-for-stm32.12.3.rel1.win32_1.1.0.202410251130/tools/bin/../lib/gcc/arm-none-eabi/12.3.1/../../../../arm-none-eabi/lib/thumb/v7e-m+fp/hard\libc_nano.a(libc_a-msizer.o)
 .ARM.attributes
                0x0000091b       0x22 C:/ST/STM32CubeIDE_1.17.0/STM32CubeIDE/plugins/com.st.stm32cube.ide.mcu.externaltools.gnu-tools-for-stm32.12.3.rel1.win32_1.1.0.202410251130/tools/bin/../lib/gcc/arm-none-eabi/12.3.1/thumb/v7e-m+fp/hard\libgcc.a(_aeabi_uldivmod.o)
 .ARM.attributes
                0x0000093d       0x34 C:/ST/STM32CubeIDE_1.17.0/STM32CubeIDE/plugins/com.st.stm32cube.ide.mcu.externaltools.gnu-tools-for-stm32.12.3.rel1.win32_1.1.0.202410251130/tools/bin/../lib/gcc/arm-none-eabi/12.3.1/thumb/v7e-m+fp/hard\libgcc.a(_udivmoddi4.o)
 .ARM.attributes
                0x00000971       0x22 C:/ST/STM32CubeIDE_1.17.0/STM32CubeIDE/plugins/com.st.stm32cube.ide.mcu.externaltools.gnu-tools-for-stm32.12.3.rel1.win32_1.1.0.202410251130/tools/bin/../lib/gcc/arm-none-eabi/12.3.1/thumb/v7e-m+fp/hard\libgcc.a(_dvmd_tls.o)
 .ARM.attributes
                0x00000993       0x22 C:/ST/STM32CubeIDE_1.17.0/STM32CubeIDE/plugins/com.st.stm32cube.ide.mcu.externaltools.gnu-tools-for-stm32.12.3.rel1.win32_1.1.0.202410251130/tools/bin/../lib/gcc/arm-none-eabi/12.3.1/thumb/v7e-m+fp/hard/crtn.o
OUTPUT(WAndersonLab6.elf elf32-littlearm)
LOAD linker stubs
LOAD C:/ST/STM32CubeIDE_1.17.0/STM32CubeIDE/plugins/com.st.stm32cube.ide.mcu.externaltools.gnu-tools-for-stm32.12.3.rel1.win32_1.1.0.202410251130/tools/bin/../lib/gcc/arm-none-eabi/12.3.1/../../../../arm-none-eabi/lib/thumb/v7e-m+fp/hard\libc.a
LOAD C:/ST/STM32CubeIDE_1.17.0/STM32CubeIDE/plugins/com.st.stm32cube.ide.mcu.externaltools.gnu-tools-for-stm32.12.3.rel1.win32_1.1.0.202410251130/tools/bin/../lib/gcc/arm-none-eabi/12.3.1/../../../../arm-none-eabi/lib/thumb/v7e-m+fp/hard\libm.a
LOAD C:/ST/STM32CubeIDE_1.17.0/STM32CubeIDE/plugins/com.st.stm32cube.ide.mcu.externaltools.gnu-tools-for-stm32.12.3.rel1.win32_1.1.0.202410251130/tools/bin/../lib/gcc/arm-none-eabi/12.3.1/thumb/v7e-m+fp/hard\libgcc.a

.debug_info     0x00000000    0x136d9
 .debug_info    0x00000000      0x228 ./Core/Src/ApplicationCode.o
 .debug_info    0x00000228     0x11bf ./Core/Src/LCD_Driver.o
 .debug_info    0x000013e7      0x145 ./Core/Src/fonts.o
 .debug_info    0x0000152c      0x1d7 ./Core/Src/game_state.o
 .debug_info    0x00001703      0xc85 ./Core/Src/ili9341.o
 .debug_info    0x00002388     0x1ec3 ./Core/Src/main.o
 .debug_info    0x0000424b     0x17b6 ./Core/Src/stm32f4xx_hal_msp.o
 .debug_info    0x00005a01      0x14a ./Core/Src/stm32f4xx_it.o
 .debug_info    0x00005b4b      0xdd6 ./Core/Src/stmpe811.o
 .debug_info    0x00006921      0x6a3 ./Core/Src/syscalls.o
 .debug_info    0x00006fc4      0x168 ./Core/Src/sysmem.o
 .debug_info    0x0000712c      0x52e ./Core/Src/system_stm32f4xx.o
 .debug_info    0x0000765a       0x30 ./Core/Startup/startup_stm32f429zitx.o
 .debug_info    0x0000768a      0x9ba ./Drivers/STM32F4xx_HAL_Driver/Src/stm32f4xx_hal.o
 .debug_info    0x00008044      0xdc2 ./Drivers/STM32F4xx_HAL_Driver/Src/stm32f4xx_hal_cortex.o
 .debug_info    0x00008e06      0x6db ./Drivers/STM32F4xx_HAL_Driver/Src/stm32f4xx_hal_gpio.o
 .debug_info    0x000094e1     0x2421 ./Drivers/STM32F4xx_HAL_Driver/Src/stm32f4xx_hal_i2c.o
 .debug_info    0x0000b902      0x672 ./Drivers/STM32F4xx_HAL_Driver/Src/stm32f4xx_hal_i2c_ex.o
 .debug_info    0x0000bf74     0x1022 ./Drivers/STM32F4xx_HAL_Driver/Src/stm32f4xx_hal_ltdc.o
 .debug_info    0x0000cf96      0x8c7 ./Drivers/STM32F4xx_HAL_Driver/Src/stm32f4xx_hal_rcc.o
 .debug_info    0x0000d85d      0x64c ./Drivers/STM32F4xx_HAL_Driver/Src/stm32f4xx_hal_rcc_ex.o
 .debug_info    0x0000dea9      0x493 ./Drivers/STM32F4xx_HAL_Driver/Src/stm32f4xx_hal_rng.o
 .debug_info    0x0000e33c     0x1525 ./Drivers/STM32F4xx_HAL_Driver/Src/stm32f4xx_hal_spi.o
 .debug_info    0x0000f861     0x299d ./Drivers/STM32F4xx_HAL_Driver/Src/stm32f4xx_hal_tim.o
 .debug_info    0x000121fe     0x14db ./Drivers/STM32F4xx_HAL_Driver/Src/stm32f4xx_hal_tim_ex.o

.debug_abbrev   0x00000000     0x300e
 .debug_abbrev  0x00000000      0x119 ./Core/Src/ApplicationCode.o
 .debug_abbrev  0x00000119      0x32d ./Core/Src/LCD_Driver.o
 .debug_abbrev  0x00000446       0xc6 ./Core/Src/fonts.o
 .debug_abbrev  0x0000050c       0xea ./Core/Src/game_state.o
 .debug_abbrev  0x000005f6      0x2c9 ./Core/Src/ili9341.o
 .debug_abbrev  0x000008bf      0x2fe ./Core/Src/main.o
 .debug_abbrev  0x00000bbd      0x25c ./Core/Src/stm32f4xx_hal_msp.o
 .debug_abbrev  0x00000e19       0xa0 ./Core/Src/stm32f4xx_it.o
 .debug_abbrev  0x00000eb9      0x2c9 ./Core/Src/stmpe811.o
 .debug_abbrev  0x00001182      0x1b6 ./Core/Src/syscalls.o
 .debug_abbrev  0x00001338       0xbc ./Core/Src/sysmem.o
 .debug_abbrev  0x000013f4      0x11a ./Core/Src/system_stm32f4xx.o
 .debug_abbrev  0x0000150e       0x24 ./Core/Startup/startup_stm32f429zitx.o
 .debug_abbrev  0x00001532      0x214 ./Drivers/STM32F4xx_HAL_Driver/Src/stm32f4xx_hal.o
 .debug_abbrev  0x00001746      0x31d ./Drivers/STM32F4xx_HAL_Driver/Src/stm32f4xx_hal_cortex.o
 .debug_abbrev  0x00001a63      0x1d4 ./Drivers/STM32F4xx_HAL_Driver/Src/stm32f4xx_hal_gpio.o
 .debug_abbrev  0x00001c37      0x2ad ./Drivers/STM32F4xx_HAL_Driver/Src/stm32f4xx_hal_i2c.o
 .debug_abbrev  0x00001ee4      0x157 ./Drivers/STM32F4xx_HAL_Driver/Src/stm32f4xx_hal_i2c_ex.o
 .debug_abbrev  0x0000203b      0x233 ./Drivers/STM32F4xx_HAL_Driver/Src/stm32f4xx_hal_ltdc.o
 .debug_abbrev  0x0000226e      0x2b7 ./Drivers/STM32F4xx_HAL_Driver/Src/stm32f4xx_hal_rcc.o
 .debug_abbrev  0x00002525      0x1b0 ./Drivers/STM32F4xx_HAL_Driver/Src/stm32f4xx_hal_rcc_ex.o
 .debug_abbrev  0x000026d5      0x1c4 ./Drivers/STM32F4xx_HAL_Driver/Src/stm32f4xx_hal_rng.o
 .debug_abbrev  0x00002899      0x27a ./Drivers/STM32F4xx_HAL_Driver/Src/stm32f4xx_hal_spi.o
 .debug_abbrev  0x00002b13      0x278 ./Drivers/STM32F4xx_HAL_Driver/Src/stm32f4xx_hal_tim.o
 .debug_abbrev  0x00002d8b      0x283 ./Drivers/STM32F4xx_HAL_Driver/Src/stm32f4xx_hal_tim_ex.o

.debug_aranges  0x00000000     0x13e8
 .debug_aranges
                0x00000000       0x30 ./Core/Src/ApplicationCode.o
 .debug_aranges
                0x00000030       0xd8 ./Core/Src/LCD_Driver.o
 .debug_aranges
                0x00000108       0x18 ./Core/Src/fonts.o
 .debug_aranges
                0x00000120       0x30 ./Core/Src/game_state.o
 .debug_aranges
                0x00000150       0x98 ./Core/Src/ili9341.o
 .debug_aranges
                0x000001e8       0x68 ./Core/Src/main.o
 .debug_aranges
                0x00000250       0x70 ./Core/Src/stm32f4xx_hal_msp.o
 .debug_aranges
                0x000002c0       0x68 ./Core/Src/stm32f4xx_it.o
 .debug_aranges
                0x00000328       0x88 ./Core/Src/stmpe811.o
 .debug_aranges
                0x000003b0       0xa8 ./Core/Src/syscalls.o
 .debug_aranges
                0x00000458       0x20 ./Core/Src/sysmem.o
 .debug_aranges
                0x00000478       0x28 ./Core/Src/system_stm32f4xx.o
 .debug_aranges
                0x000004a0       0x28 ./Core/Startup/startup_stm32f429zitx.o
 .debug_aranges
                0x000004c8      0x100 ./Drivers/STM32F4xx_HAL_Driver/Src/stm32f4xx_hal.o
 .debug_aranges
                0x000005c8      0x130 ./Drivers/STM32F4xx_HAL_Driver/Src/stm32f4xx_hal_cortex.o
 .debug_aranges
                0x000006f8       0x58 ./Drivers/STM32F4xx_HAL_Driver/Src/stm32f4xx_hal_gpio.o
 .debug_aranges
                0x00000750      0x2a8 ./Drivers/STM32F4xx_HAL_Driver/Src/stm32f4xx_hal_i2c.o
 .debug_aranges
                0x000009f8       0x28 ./Drivers/STM32F4xx_HAL_Driver/Src/stm32f4xx_hal_i2c_ex.o
 .debug_aranges
                0x00000a20      0x158 ./Drivers/STM32F4xx_HAL_Driver/Src/stm32f4xx_hal_ltdc.o
 .debug_aranges
                0x00000b78       0x88 ./Drivers/STM32F4xx_HAL_Driver/Src/stm32f4xx_hal_rcc.o
 .debug_aranges
                0x00000c00       0x58 ./Drivers/STM32F4xx_HAL_Driver/Src/stm32f4xx_hal_rcc_ex.o
 .debug_aranges
                0x00000c58       0x88 ./Drivers/STM32F4xx_HAL_Driver/Src/stm32f4xx_hal_rng.o
 .debug_aranges
                0x00000ce0      0x1d0 ./Drivers/STM32F4xx_HAL_Driver/Src/stm32f4xx_hal_spi.o
 .debug_aranges
                0x00000eb0      0x3d0 ./Drivers/STM32F4xx_HAL_Driver/Src/stm32f4xx_hal_tim.o
 .debug_aranges
                0x00001280      0x168 ./Drivers/STM32F4xx_HAL_Driver/Src/stm32f4xx_hal_tim_ex.o

.debug_rnglists
                0x00000000      0xf58
 .debug_rnglists
                0x00000000       0x1f ./Core/Src/ApplicationCode.o
 .debug_rnglists
                0x0000001f       0xa6 ./Core/Src/LCD_Driver.o
 .debug_rnglists
                0x000000c5       0x1f ./Core/Src/game_state.o
 .debug_rnglists
                0x000000e4       0x6f ./Core/Src/ili9341.o
 .debug_rnglists
                0x00000153       0x50 ./Core/Src/main.o
 .debug_rnglists
                0x000001a3       0x53 ./Core/Src/stm32f4xx_hal_msp.o
 .debug_rnglists
                0x000001f6       0x49 ./Core/Src/stm32f4xx_it.o
 .debug_rnglists
                0x0000023f       0x67 ./Core/Src/stmpe811.o
 .debug_rnglists
                0x000002a6       0x79 ./Core/Src/syscalls.o
 .debug_rnglists
                0x0000031f       0x13 ./Core/Src/sysmem.o
 .debug_rnglists
                0x00000332       0x1a ./Core/Src/system_stm32f4xx.o
 .debug_rnglists
                0x0000034c       0x19 ./Core/Startup/startup_stm32f429zitx.o
 .debug_rnglists
                0x00000365       0xbb ./Drivers/STM32F4xx_HAL_Driver/Src/stm32f4xx_hal.o
 .debug_rnglists
                0x00000420       0xe0 ./Drivers/STM32F4xx_HAL_Driver/Src/stm32f4xx_hal_cortex.o
 .debug_rnglists
                0x00000500       0x3f ./Drivers/STM32F4xx_HAL_Driver/Src/stm32f4xx_hal_gpio.o
 .debug_rnglists
                0x0000053f      0x23c ./Drivers/STM32F4xx_HAL_Driver/Src/stm32f4xx_hal_i2c.o
 .debug_rnglists
                0x0000077b       0x19 ./Drivers/STM32F4xx_HAL_Driver/Src/stm32f4xx_hal_i2c_ex.o
 .debug_rnglists
                0x00000794      0x10a ./Drivers/STM32F4xx_HAL_Driver/Src/stm32f4xx_hal_ltdc.o
 .debug_rnglists
                0x0000089e       0x66 ./Drivers/STM32F4xx_HAL_Driver/Src/stm32f4xx_hal_rcc.o
 .debug_rnglists
                0x00000904       0x43 ./Drivers/STM32F4xx_HAL_Driver/Src/stm32f4xx_hal_rcc_ex.o
 .debug_rnglists
                0x00000947       0x63 ./Drivers/STM32F4xx_HAL_Driver/Src/stm32f4xx_hal_rng.o
 .debug_rnglists
                0x000009aa      0x16f ./Drivers/STM32F4xx_HAL_Driver/Src/stm32f4xx_hal_spi.o
 .debug_rnglists
                0x00000b19      0x31a ./Drivers/STM32F4xx_HAL_Driver/Src/stm32f4xx_hal_tim.o
 .debug_rnglists
                0x00000e33      0x125 ./Drivers/STM32F4xx_HAL_Driver/Src/stm32f4xx_hal_tim_ex.o

.debug_macro    0x00000000    0x27069
 .debug_macro   0x00000000      0x327 ./Core/Src/ApplicationCode.o
 .debug_macro   0x00000327      0xab4 ./Core/Src/ApplicationCode.o
 .debug_macro   0x00000ddb      0x2ad ./Core/Src/ApplicationCode.o
 .debug_macro   0x00001088       0x2e ./Core/Src/ApplicationCode.o
 .debug_macro   0x000010b6       0x28 ./Core/Src/ApplicationCode.o
 .debug_macro   0x000010de       0x22 ./Core/Src/ApplicationCode.o
 .debug_macro   0x00001100       0x8e ./Core/Src/ApplicationCode.o
 .debug_macro   0x0000118e       0x51 ./Core/Src/ApplicationCode.o
 .debug_macro   0x000011df      0x103 ./Core/Src/ApplicationCode.o
 .debug_macro   0x000012e2       0x6a ./Core/Src/ApplicationCode.o
 .debug_macro   0x0000134c      0x1df ./Core/Src/ApplicationCode.o
 .debug_macro   0x0000152b       0x1c ./Core/Src/ApplicationCode.o
 .debug_macro   0x00001547       0x22 ./Core/Src/ApplicationCode.o
 .debug_macro   0x00001569       0xfb ./Core/Src/ApplicationCode.o
 .debug_macro   0x00001664     0x1011 ./Core/Src/ApplicationCode.o
 .debug_macro   0x00002675      0x11f ./Core/Src/ApplicationCode.o
 .debug_macro   0x00002794    0x17fd8 ./Core/Src/ApplicationCode.o
 .debug_macro   0x0001a76c       0x6d ./Core/Src/ApplicationCode.o
 .debug_macro   0x0001a7d9     0x3711 ./Core/Src/ApplicationCode.o
 .debug_macro   0x0001deea      0x189 ./Core/Src/ApplicationCode.o
 .debug_macro   0x0001e073       0x5c ./Core/Src/ApplicationCode.o
 .debug_macro   0x0001e0cf      0xcba ./Core/Src/ApplicationCode.o
 .debug_macro   0x0001ed89      0x9e9 ./Core/Src/ApplicationCode.o
 .debug_macro   0x0001f772      0x115 ./Core/Src/ApplicationCode.o
 .debug_macro   0x0001f887      0x156 ./Core/Src/ApplicationCode.o
 .debug_macro   0x0001f9dd       0xa5 ./Core/Src/ApplicationCode.o
 .debug_macro   0x0001fa82      0x182 ./Core/Src/ApplicationCode.o
 .debug_macro   0x0001fc04      0x287 ./Core/Src/ApplicationCode.o
 .debug_macro   0x0001fe8b       0x5f ./Core/Src/ApplicationCode.o
 .debug_macro   0x0001feea      0x236 ./Core/Src/ApplicationCode.o
 .debug_macro   0x00020120      0x132 ./Core/Src/ApplicationCode.o
 .debug_macro   0x00020252      0x41d ./Core/Src/ApplicationCode.o
 .debug_macro   0x0002066f       0x2e ./Core/Src/ApplicationCode.o
 .debug_macro   0x0002069d      0x1b5 ./Core/Src/ApplicationCode.o
 .debug_macro   0x00020852       0x22 ./Core/Src/ApplicationCode.o
 .debug_macro   0x00020874       0xd6 ./Core/Src/ApplicationCode.o
 .debug_macro   0x0002094a      0x198 ./Core/Src/ApplicationCode.o
 .debug_macro   0x00020ae2       0xd6 ./Core/Src/ApplicationCode.o
 .debug_macro   0x00020bb8      0x127 ./Core/Src/ApplicationCode.o
 .debug_macro   0x00020cdf       0xe2 ./Core/Src/ApplicationCode.o
 .debug_macro   0x00020dc1       0x89 ./Core/Src/ApplicationCode.o
 .debug_macro   0x00020e4a       0xa4 ./Core/Src/ApplicationCode.o
 .debug_macro   0x00020eee      0x225 ./Core/Src/ApplicationCode.o
 .debug_macro   0x00021113      0x8ed ./Core/Src/ApplicationCode.o
 .debug_macro   0x00021a00       0x4d ./Core/Src/ApplicationCode.o
 .debug_macro   0x00021a4d      0x134 ./Core/Src/ApplicationCode.o
 .debug_macro   0x00021b81      0x332 ./Core/Src/ApplicationCode.o
 .debug_macro   0x00021eb3       0x22 ./Core/Src/ApplicationCode.o
 .debug_macro   0x00021ed5      0x173 ./Core/Src/ApplicationCode.o
 .debug_macro   0x00022048       0x61 ./Core/Src/ApplicationCode.o
 .debug_macro   0x000220a9       0x2a ./Core/Src/ApplicationCode.o
 .debug_macro   0x000220d3       0x43 ./Core/Src/ApplicationCode.o
 .debug_macro   0x00022116       0x34 ./Core/Src/ApplicationCode.o
 .debug_macro   0x0002214a       0x16 ./Core/Src/ApplicationCode.o
 .debug_macro   0x00022160       0x35 ./Core/Src/ApplicationCode.o
 .debug_macro   0x00022195      0x369 ./Core/Src/ApplicationCode.o
 .debug_macro   0x000224fe       0x10 ./Core/Src/ApplicationCode.o
 .debug_macro   0x0002250e       0x16 ./Core/Src/ApplicationCode.o
 .debug_macro   0x00022524       0x43 ./Core/Src/ApplicationCode.o
 .debug_macro   0x00022567       0x34 ./Core/Src/ApplicationCode.o
 .debug_macro   0x0002259b       0x10 ./Core/Src/ApplicationCode.o
 .debug_macro   0x000225ab       0x58 ./Core/Src/ApplicationCode.o
 .debug_macro   0x00022603       0x8e ./Core/Src/ApplicationCode.o
 .debug_macro   0x00022691       0x1c ./Core/Src/ApplicationCode.o
 .debug_macro   0x000226ad      0x177 ./Core/Src/ApplicationCode.o
 .debug_macro   0x00022824       0x16 ./Core/Src/ApplicationCode.o
 .debug_macro   0x0002283a       0x16 ./Core/Src/ApplicationCode.o
 .debug_macro   0x00022850      0x146 ./Core/Src/ApplicationCode.o
 .debug_macro   0x00022996       0xd6 ./Core/Src/ApplicationCode.o
 .debug_macro   0x00022a6c      0x31d ./Core/Src/LCD_Driver.o
 .debug_macro   0x00022d89       0x6d ./Core/Src/fonts.o
 .debug_macro   0x00022df6      0x327 ./Core/Src/game_state.o
 .debug_macro   0x0002311d      0x21a ./Core/Src/ili9341.o
 .debug_macro   0x00023337      0x32c ./Core/Src/ili9341.o
 .debug_macro   0x00023663      0x354 ./Core/Src/main.o
 .debug_macro   0x000239b7      0x4c9 ./Core/Src/main.o
 .debug_macro   0x00023e80      0x21a ./Core/Src/stm32f4xx_hal_msp.o
 .debug_macro   0x0002409a      0x224 ./Core/Src/stm32f4xx_it.o
 .debug_macro   0x000242be      0x235 ./Core/Src/stmpe811.o
 .debug_macro   0x000244f3      0x274 ./Core/Src/syscalls.o
 .debug_macro   0x00024767       0x5b ./Core/Src/syscalls.o
 .debug_macro   0x000247c2       0x94 ./Core/Src/syscalls.o
 .debug_macro   0x00024856       0x57 ./Core/Src/syscalls.o
 .debug_macro   0x000248ad       0x10 ./Core/Src/syscalls.o
 .debug_macro   0x000248bd       0x10 ./Core/Src/syscalls.o
 .debug_macro   0x000248cd       0x10 ./Core/Src/syscalls.o
 .debug_macro   0x000248dd       0x10 ./Core/Src/syscalls.o
 .debug_macro   0x000248ed       0x1c ./Core/Src/syscalls.o
 .debug_macro   0x00024909       0x52 ./Core/Src/syscalls.o
 .debug_macro   0x0002495b       0x22 ./Core/Src/syscalls.o
 .debug_macro   0x0002497d       0x10 ./Core/Src/syscalls.o
 .debug_macro   0x0002498d       0x52 ./Core/Src/syscalls.o
 .debug_macro   0x000249df       0xcf ./Core/Src/syscalls.o
 .debug_macro   0x00024aae       0x1c ./Core/Src/syscalls.o
 .debug_macro   0x00024aca       0x3d ./Core/Src/syscalls.o
 .debug_macro   0x00024b07       0x35 ./Core/Src/syscalls.o
 .debug_macro   0x00024b3c      0x12c ./Core/Src/syscalls.o
 .debug_macro   0x00024c68       0x16 ./Core/Src/syscalls.o
 .debug_macro   0x00024c7e       0x16 ./Core/Src/syscalls.o
 .debug_macro   0x00024c94       0x29 ./Core/Src/syscalls.o
 .debug_macro   0x00024cbd       0x10 ./Core/Src/syscalls.o
 .debug_macro   0x00024ccd      0x242 ./Core/Src/syscalls.o
 .debug_macro   0x00024f0f       0x1c ./Core/Src/syscalls.o
 .debug_macro   0x00024f2b       0x10 ./Core/Src/syscalls.o
 .debug_macro   0x00024f3b      0x18a ./Core/Src/syscalls.o
 .debug_macro   0x000250c5       0x16 ./Core/Src/syscalls.o
 .debug_macro   0x000250db       0xce ./Core/Src/syscalls.o
 .debug_macro   0x000251a9       0xff ./Core/Src/sysmem.o
 .debug_macro   0x000252a8      0x23c ./Core/Src/sysmem.o
 .debug_macro   0x000254e4      0x20b ./Core/Src/system_stm32f4xx.o
 .debug_macro   0x000256ef      0x26b ./Drivers/STM32F4xx_HAL_Driver/Src/stm32f4xx_hal.o
 .debug_macro   0x0002595a      0x20b ./Drivers/STM32F4xx_HAL_Driver/Src/stm32f4xx_hal_cortex.o
 .debug_macro   0x00025b65      0x211 ./Drivers/STM32F4xx_HAL_Driver/Src/stm32f4xx_hal_gpio.o
 .debug_macro   0x00025d76      0x259 ./Drivers/STM32F4xx_HAL_Driver/Src/stm32f4xx_hal_i2c.o
 .debug_macro   0x00025fcf      0x20b ./Drivers/STM32F4xx_HAL_Driver/Src/stm32f4xx_hal_i2c_ex.o
 .debug_macro   0x000261da      0x213 ./Drivers/STM32F4xx_HAL_Driver/Src/stm32f4xx_hal_ltdc.o
 .debug_macro   0x000263ed      0x22f ./Drivers/STM32F4xx_HAL_Driver/Src/stm32f4xx_hal_rcc.o
 .debug_macro   0x0002661c      0x20b ./Drivers/STM32F4xx_HAL_Driver/Src/stm32f4xx_hal_rcc_ex.o
 .debug_macro   0x00026827      0x211 ./Drivers/STM32F4xx_HAL_Driver/Src/stm32f4xx_hal_rng.o
 .debug_macro   0x00026a38      0x21a ./Drivers/STM32F4xx_HAL_Driver/Src/stm32f4xx_hal_spi.o
 .debug_macro   0x00026c52      0x20c ./Drivers/STM32F4xx_HAL_Driver/Src/stm32f4xx_hal_tim.o
 .debug_macro   0x00026e5e      0x20b ./Drivers/STM32F4xx_HAL_Driver/Src/stm32f4xx_hal_tim_ex.o

.debug_line     0x00000000    0x18a2f
 .debug_line    0x00000000      0x9ac ./Core/Src/ApplicationCode.o
 .debug_line    0x000009ac      0xea5 ./Core/Src/LCD_Driver.o
 .debug_line    0x00001851      0x412 ./Core/Src/fonts.o
 .debug_line    0x00001c63      0x9e4 ./Core/Src/game_state.o
 .debug_line    0x00002647      0xa0a ./Core/Src/ili9341.o
 .debug_line    0x00003051      0xd6d ./Core/Src/main.o
 .debug_line    0x00003dbe      0x9c8 ./Core/Src/stm32f4xx_hal_msp.o
 .debug_line    0x00004786      0x89b ./Core/Src/stm32f4xx_it.o
 .debug_line    0x00005021      0xbdd ./Core/Src/stmpe811.o
 .debug_line    0x00005bfe      0x8b2 ./Core/Src/syscalls.o
 .debug_line    0x000064b0      0x583 ./Core/Src/sysmem.o
 .debug_line    0x00006a33      0x84d ./Core/Src/system_stm32f4xx.o
 .debug_line    0x00007280       0x7a ./Core/Startup/startup_stm32f429zitx.o
 .debug_line    0x000072fa      0xae4 ./Drivers/STM32F4xx_HAL_Driver/Src/stm32f4xx_hal.o
 .debug_line    0x00007dde      0xda0 ./Drivers/STM32F4xx_HAL_Driver/Src/stm32f4xx_hal_cortex.o
 .debug_line    0x00008b7e      0xc62 ./Drivers/STM32F4xx_HAL_Driver/Src/stm32f4xx_hal_gpio.o
 .debug_line    0x000097e0     0x3bf4 ./Drivers/STM32F4xx_HAL_Driver/Src/stm32f4xx_hal_i2c.o
 .debug_line    0x0000d3d4      0x83b ./Drivers/STM32F4xx_HAL_Driver/Src/stm32f4xx_hal_i2c_ex.o
 .debug_line    0x0000dc0f     0x1865 ./Drivers/STM32F4xx_HAL_Driver/Src/stm32f4xx_hal_ltdc.o
 .debug_line    0x0000f474      0xe39 ./Drivers/STM32F4xx_HAL_Driver/Src/stm32f4xx_hal_rcc.o
 .debug_line    0x000102ad      0xc83 ./Drivers/STM32F4xx_HAL_Driver/Src/stm32f4xx_hal_rcc_ex.o
 .debug_line    0x00010f30      0xa3d ./Drivers/STM32F4xx_HAL_Driver/Src/stm32f4xx_hal_rng.o
 .debug_line    0x0001196d     0x1dcc ./Drivers/STM32F4xx_HAL_Driver/Src/stm32f4xx_hal_spi.o
 .debug_line    0x00013739     0x3852 ./Drivers/STM32F4xx_HAL_Driver/Src/stm32f4xx_hal_tim.o
 .debug_line    0x00016f8b     0x1aa4 ./Drivers/STM32F4xx_HAL_Driver/Src/stm32f4xx_hal_tim_ex.o

.debug_str      0x00000000    0xe2bc4
 .debug_str     0x00000000    0xda3ce ./Core/Src/ApplicationCode.o
                              0xda6a9 (size before relaxing)
 .debug_str     0x000da3ce      0x82f ./Core/Src/LCD_Driver.o
                              0xdaedb (size before relaxing)
 .debug_str     0x000dabfd       0x40 ./Core/Src/fonts.o
                               0x3d72 (size before relaxing)
 .debug_str     0x000dac3d       0x7c ./Core/Src/game_state.o
                              0xda4ce (size before relaxing)
 .debug_str     0x000dacb9      0x537 ./Core/Src/ili9341.o
                              0xd6bbd (size before relaxing)
 .debug_str     0x000db1f0     0x1d7b ./Core/Src/main.o
                              0xdce08 (size before relaxing)
 .debug_str     0x000dcf6b      0x11e ./Core/Src/stm32f4xx_hal_msp.o
                              0xd7791 (size before relaxing)
 .debug_str     0x000dd089       0xf3 ./Core/Src/stm32f4xx_it.o
                              0xd67eb (size before relaxing)
 .debug_str     0x000dd17c      0x171 ./Core/Src/stmpe811.o
                              0xd6857 (size before relaxing)
 .debug_str     0x000dd2ed     0x20a2 ./Core/Src/syscalls.o
                               0x98a9 (size before relaxing)
 .debug_str     0x000df38f       0x6b ./Core/Src/sysmem.o
                               0x60c1 (size before relaxing)
 .debug_str     0x000df3fa       0xdb ./Core/Src/system_stm32f4xx.o
                              0xd59af (size before relaxing)
 .debug_str     0x000df4d5       0x44 ./Core/Startup/startup_stm32f429zitx.o
                                 0x74 (size before relaxing)
 .debug_str     0x000df519      0x610 ./Drivers/STM32F4xx_HAL_Driver/Src/stm32f4xx_hal.o
                              0xd65d2 (size before relaxing)
 .debug_str     0x000dfb29      0x37f ./Drivers/STM32F4xx_HAL_Driver/Src/stm32f4xx_hal_cortex.o
                              0xd6300 (size before relaxing)
 .debug_str     0x000dfea8       0xe8 ./Drivers/STM32F4xx_HAL_Driver/Src/stm32f4xx_hal_gpio.o
                              0xd5b2a (size before relaxing)
 .debug_str     0x000dff90      0xb1e ./Drivers/STM32F4xx_HAL_Driver/Src/stm32f4xx_hal_i2c.o
                              0xd69bf (size before relaxing)
 .debug_str     0x000e0aae       0x3b ./Drivers/STM32F4xx_HAL_Driver/Src/stm32f4xx_hal_i2c_ex.o
                              0xd5d7e (size before relaxing)
 .debug_str     0x000e0ae9      0x491 ./Drivers/STM32F4xx_HAL_Driver/Src/stm32f4xx_hal_ltdc.o
                              0xd6013 (size before relaxing)
 .debug_str     0x000e0f7a      0x213 ./Drivers/STM32F4xx_HAL_Driver/Src/stm32f4xx_hal_rcc.o
                              0xd5de3 (size before relaxing)
 .debug_str     0x000e118d      0x133 ./Drivers/STM32F4xx_HAL_Driver/Src/stm32f4xx_hal_rcc_ex.o
                              0xd5baa (size before relaxing)
 .debug_str     0x000e12c0      0x16f ./Drivers/STM32F4xx_HAL_Driver/Src/stm32f4xx_hal_rng.o
                              0xd5a9c (size before relaxing)
 .debug_str     0x000e142f      0x518 ./Drivers/STM32F4xx_HAL_Driver/Src/stm32f4xx_hal_spi.o
                              0xd625a (size before relaxing)
 .debug_str     0x000e1947      0xdea ./Drivers/STM32F4xx_HAL_Driver/Src/stm32f4xx_hal_tim.o
                              0xd6d26 (size before relaxing)
 .debug_str     0x000e2731      0x493 ./Drivers/STM32F4xx_HAL_Driver/Src/stm32f4xx_hal_tim_ex.o
                              0xd6532 (size before relaxing)

.comment        0x00000000       0x86
 .comment       0x00000000       0x43 ./Core/Src/ApplicationCode.o
                                 0x44 (size before relaxing)
 .comment       0x00000043       0x44 ./Core/Src/LCD_Driver.o
 .comment       0x00000043       0x43 ./Core/Src/fonts.o
                                 0x44 (size before relaxing)
 .comment       0x00000086       0x44 ./Core/Src/game_state.o
 .comment       0x00000086       0x44 ./Core/Src/ili9341.o
 .comment       0x00000086       0x44 ./Core/Src/main.o
 .comment       0x00000086       0x44 ./Core/Src/stm32f4xx_hal_msp.o
 .comment       0x00000086       0x44 ./Core/Src/stm32f4xx_it.o
 .comment       0x00000086       0x44 ./Core/Src/stmpe811.o
 .comment       0x00000086       0x44 ./Core/Src/syscalls.o
 .comment       0x00000086       0x44 ./Core/Src/sysmem.o
 .comment       0x00000086       0x44 ./Core/Src/system_stm32f4xx.o
 .comment       0x00000086       0x44 ./Drivers/STM32F4xx_HAL_Driver/Src/stm32f4xx_hal.o
 .comment       0x00000086       0x44 ./Drivers/STM32F4xx_HAL_Driver/Src/stm32f4xx_hal_cortex.o
 .comment       0x00000086       0x44 ./Drivers/STM32F4xx_HAL_Driver/Src/stm32f4xx_hal_gpio.o
 .comment       0x00000086       0x44 ./Drivers/STM32F4xx_HAL_Driver/Src/stm32f4xx_hal_i2c.o
 .comment       0x00000086       0x44 ./Drivers/STM32F4xx_HAL_Driver/Src/stm32f4xx_hal_i2c_ex.o
 .comment       0x00000086       0x44 ./Drivers/STM32F4xx_HAL_Driver/Src/stm32f4xx_hal_ltdc.o
 .comment       0x00000086       0x44 ./Drivers/STM32F4xx_HAL_Driver/Src/stm32f4xx_hal_rcc.o
 .comment       0x00000086       0x44 ./Drivers/STM32F4xx_HAL_Driver/Src/stm32f4xx_hal_rcc_ex.o
 .comment       0x00000086       0x44 ./Drivers/STM32F4xx_HAL_Driver/Src/stm32f4xx_hal_rng.o
 .comment       0x00000086       0x44 ./Drivers/STM32F4xx_HAL_Driver/Src/stm32f4xx_hal_spi.o
 .comment       0x00000086       0x44 ./Drivers/STM32F4xx_HAL_Driver/Src/stm32f4xx_hal_tim.o
 .comment       0x00000086       0x44 ./Drivers/STM32F4xx_HAL_Driver/Src/stm32f4xx_hal_tim_ex.o

.debug_frame    0x00000000     0x5838
 .debug_frame   0x00000000       0x64 ./Core/Src/ApplicationCode.o
 .debug_frame   0x00000064      0x35c ./Core/Src/LCD_Driver.o
 .debug_frame   0x000003c0       0x88 ./Core/Src/game_state.o
 .debug_frame   0x00000448      0x228 ./Core/Src/ili9341.o
 .debug_frame   0x00000670      0x154 ./Core/Src/main.o
 .debug_frame   0x000007c4      0x1b0 ./Core/Src/stm32f4xx_hal_msp.o
 .debug_frame   0x00000974      0x120 ./Core/Src/stm32f4xx_it.o
 .debug_frame   0x00000a94      0x204 ./Core/Src/stmpe811.o
 .debug_frame   0x00000c98      0x2ac ./Core/Src/syscalls.o
 .debug_frame   0x00000f44       0x34 ./Core/Src/sysmem.o
 .debug_frame   0x00000f78       0x58 ./Core/Src/system_stm32f4xx.o
 .debug_frame   0x00000fd0      0x3b4 ./Drivers/STM32F4xx_HAL_Driver/Src/stm32f4xx_hal.o
 .debug_frame   0x00001384      0x508 ./Drivers/STM32F4xx_HAL_Driver/Src/stm32f4xx_hal_cortex.o
 .debug_frame   0x0000188c      0x14c ./Drivers/STM32F4xx_HAL_Driver/Src/stm32f4xx_hal_gpio.o
 .debug_frame   0x000019d8      0xc84 ./Drivers/STM32F4xx_HAL_Driver/Src/stm32f4xx_hal_i2c.o
 .debug_frame   0x0000265c       0x60 ./Drivers/STM32F4xx_HAL_Driver/Src/stm32f4xx_hal_i2c_ex.o
 .debug_frame   0x000026bc      0x61c ./Drivers/STM32F4xx_HAL_Driver/Src/stm32f4xx_hal_ltdc.o
 .debug_frame   0x00002cd8      0x1f4 ./Drivers/STM32F4xx_HAL_Driver/Src/stm32f4xx_hal_rcc.o
 .debug_frame   0x00002ecc      0x13c ./Drivers/STM32F4xx_HAL_Driver/Src/stm32f4xx_hal_rcc_ex.o
 .debug_frame   0x00003008      0x22c ./Drivers/STM32F4xx_HAL_Driver/Src/stm32f4xx_hal_rng.o
 .debug_frame   0x00003234      0x828 ./Drivers/STM32F4xx_HAL_Driver/Src/stm32f4xx_hal_spi.o
 .debug_frame   0x00003a5c     0x11c0 ./Drivers/STM32F4xx_HAL_Driver/Src/stm32f4xx_hal_tim.o
 .debug_frame   0x00004c1c      0x638 ./Drivers/STM32F4xx_HAL_Driver/Src/stm32f4xx_hal_tim_ex.o
 .debug_frame   0x00005254      0x144 C:/ST/STM32CubeIDE_1.17.0/STM32CubeIDE/plugins/com.st.stm32cube.ide.mcu.externaltools.gnu-tools-for-stm32.12.3.rel1.win32_1.1.0.202410251130/tools/bin/../lib/gcc/arm-none-eabi/12.3.1/../../../../arm-none-eabi/lib/thumb/v7e-m+fp/hard\libc_nano.a(libc_a-findfp.o)
 .debug_frame   0x00005398       0x6c C:/ST/STM32CubeIDE_1.17.0/STM32CubeIDE/plugins/com.st.stm32cube.ide.mcu.externaltools.gnu-tools-for-stm32.12.3.rel1.win32_1.1.0.202410251130/tools/bin/../lib/gcc/arm-none-eabi/12.3.1/../../../../arm-none-eabi/lib/thumb/v7e-m+fp/hard\libc_nano.a(libc_a-sprintf.o)
 .debug_frame   0x00005404       0x20 C:/ST/STM32CubeIDE_1.17.0/STM32CubeIDE/plugins/com.st.stm32cube.ide.mcu.externaltools.gnu-tools-for-stm32.12.3.rel1.win32_1.1.0.202410251130/tools/bin/../lib/gcc/arm-none-eabi/12.3.1/../../../../arm-none-eabi/lib/thumb/v7e-m+fp/hard\libc_nano.a(libc_a-memset.o)
 .debug_frame   0x00005424       0x38 C:/ST/STM32CubeIDE_1.17.0/STM32CubeIDE/plugins/com.st.stm32cube.ide.mcu.externaltools.gnu-tools-for-stm32.12.3.rel1.win32_1.1.0.202410251130/tools/bin/../lib/gcc/arm-none-eabi/12.3.1/../../../../arm-none-eabi/lib/thumb/v7e-m+fp/hard\libc_nano.a(libc_a-reent.o)
 .debug_frame   0x0000545c       0x20 C:/ST/STM32CubeIDE_1.17.0/STM32CubeIDE/plugins/com.st.stm32cube.ide.mcu.externaltools.gnu-tools-for-stm32.12.3.rel1.win32_1.1.0.202410251130/tools/bin/../lib/gcc/arm-none-eabi/12.3.1/../../../../arm-none-eabi/lib/thumb/v7e-m+fp/hard\libc_nano.a(libc_a-errno.o)